------------------------------------------------------------
Timing Analyzer Summary
------------------------------------------------------------

Type  : Slow 1100mV 85C Model Setup 'Clock_25MHz:clk_div_inst|nclk'
Slack : -6.439
TNS   : -362.807

Type  : Slow 1100mV 85C Model Setup 'clk'
Slack : -4.240
TNS   : -25515.463

Type  : Slow 1100mV 85C Model Hold 'clk'
Slack : 0.228
TNS   : 0.000

Type  : Slow 1100mV 85C Model Hold 'Clock_25MHz:clk_div_inst|nclk'
Slack : 0.281
TNS   : 0.000

Type  : Slow 1100mV 85C Model Minimum Pulse Width 'clk'
Slack : -2.174
TNS   : -34588.537

Type  : Slow 1100mV 85C Model Minimum Pulse Width 'Clock_25MHz:clk_div_inst|nclk'
Slack : -0.395
TNS   : -52.486

Type  : Slow 1100mV 0C Model Setup 'Clock_25MHz:clk_div_inst|nclk'
Slack : -6.492
TNS   : -351.873

Type  : Slow 1100mV 0C Model Setup 'clk'
Slack : -3.978
TNS   : -23561.991

Type  : Slow 1100mV 0C Model Hold 'clk'
Slack : 0.166
TNS   : 0.000

Type  : Slow 1100mV 0C Model Hold 'Clock_25MHz:clk_div_inst|nclk'
Slack : 0.385
TNS   : 0.000

Type  : Slow 1100mV 0C Model Minimum Pulse Width 'clk'
Slack : -2.174
TNS   : -34530.318

Type  : Slow 1100mV 0C Model Minimum Pulse Width 'Clock_25MHz:clk_div_inst|nclk'
Slack : -0.394
TNS   : -50.811

Type  : Fast 1100mV 85C Model Setup 'Clock_25MHz:clk_div_inst|nclk'
Slack : -4.088
TNS   : -219.091

Type  : Fast 1100mV 85C Model Setup 'clk'
Slack : -2.823
TNS   : -12631.374

Type  : Fast 1100mV 85C Model Hold 'clk'
Slack : 0.063
TNS   : 0.000

Type  : Fast 1100mV 85C Model Hold 'Clock_25MHz:clk_div_inst|nclk'
Slack : 0.137
TNS   : 0.000

Type  : Fast 1100mV 85C Model Minimum Pulse Width 'clk'
Slack : -2.174
TNS   : -34481.733

Type  : Fast 1100mV 85C Model Minimum Pulse Width 'Clock_25MHz:clk_div_inst|nclk'
Slack : -0.146
TNS   : -2.002

Type  : Fast 1100mV 0C Model Setup 'Clock_25MHz:clk_div_inst|nclk'
Slack : -3.859
TNS   : -198.389

Type  : Fast 1100mV 0C Model Setup 'clk'
Slack : -2.363
TNS   : -10073.875

Type  : Fast 1100mV 0C Model Hold 'clk'
Slack : -0.164
TNS   : -3.290

Type  : Fast 1100mV 0C Model Hold 'Clock_25MHz:clk_div_inst|nclk'
Slack : 0.165
TNS   : 0.000

Type  : Fast 1100mV 0C Model Minimum Pulse Width 'clk'
Slack : -2.174
TNS   : -34507.827

Type  : Fast 1100mV 0C Model Minimum Pulse Width 'Clock_25MHz:clk_div_inst|nclk'
Slack : -0.077
TNS   : -0.582

------------------------------------------------------------
