------------------------------------------------------------
Timing Analyzer Summary
------------------------------------------------------------

Type  : Slow 1100mV 85C Model Setup 'Clock_25MHz:clk_div_inst|nclk'
Slack : -6.144
TNS   : -35062.737

Type  : Slow 1100mV 85C Model Setup 'clk'
Slack : -2.396
TNS   : -2.396

Type  : Slow 1100mV 85C Model Hold 'Clock_25MHz:clk_div_inst|nclk'
Slack : 0.267
TNS   : 0.000

Type  : Slow 1100mV 85C Model Hold 'clk'
Slack : 1.041
TNS   : 0.000

Type  : Slow 1100mV 85C Model Minimum Pulse Width 'Clock_25MHz:clk_div_inst|nclk'
Slack : -2.174
TNS   : -35178.240

Type  : Slow 1100mV 85C Model Minimum Pulse Width 'clk'
Slack : -0.496
TNS   : -0.890

Type  : Slow 1100mV 0C Model Setup 'Clock_25MHz:clk_div_inst|nclk'
Slack : -5.814
TNS   : -32717.900

Type  : Slow 1100mV 0C Model Setup 'clk'
Slack : -2.303
TNS   : -2.303

Type  : Slow 1100mV 0C Model Hold 'Clock_25MHz:clk_div_inst|nclk'
Slack : 0.320
TNS   : 0.000

Type  : Slow 1100mV 0C Model Hold 'clk'
Slack : 1.003
TNS   : 0.000

Type  : Slow 1100mV 0C Model Minimum Pulse Width 'Clock_25MHz:clk_div_inst|nclk'
Slack : -2.174
TNS   : -35197.779

Type  : Slow 1100mV 0C Model Minimum Pulse Width 'clk'
Slack : -0.511
TNS   : -0.905

Type  : Fast 1100mV 85C Model Setup 'Clock_25MHz:clk_div_inst|nclk'
Slack : -4.227
TNS   : -21327.372

Type  : Fast 1100mV 85C Model Setup 'clk'
Slack : -1.735
TNS   : -1.735

Type  : Fast 1100mV 85C Model Hold 'Clock_25MHz:clk_div_inst|nclk'
Slack : 0.088
TNS   : 0.000

Type  : Fast 1100mV 85C Model Hold 'clk'
Slack : 0.965
TNS   : 0.000

Type  : Fast 1100mV 85C Model Minimum Pulse Width 'Clock_25MHz:clk_div_inst|nclk'
Slack : -2.174
TNS   : -34979.439

Type  : Fast 1100mV 85C Model Minimum Pulse Width 'clk'
Slack : -0.473
TNS   : -0.595

Type  : Fast 1100mV 0C Model Setup 'Clock_25MHz:clk_div_inst|nclk'
Slack : -3.589
TNS   : -17721.869

Type  : Fast 1100mV 0C Model Setup 'clk'
Slack : -1.482
TNS   : -1.482

Type  : Fast 1100mV 0C Model Hold 'Clock_25MHz:clk_div_inst|nclk'
Slack : 0.110
TNS   : 0.000

Type  : Fast 1100mV 0C Model Hold 'clk'
Slack : 0.686
TNS   : 0.000

Type  : Fast 1100mV 0C Model Minimum Pulse Width 'Clock_25MHz:clk_div_inst|nclk'
Slack : -2.174
TNS   : -34931.791

Type  : Fast 1100mV 0C Model Minimum Pulse Width 'clk'
Slack : -0.481
TNS   : -0.621

------------------------------------------------------------
