IP Upgrade report for soc_system
Tue Oct 28 23:08:41 2025
Quartus Prime Version 24.1std.0 Build 1077 03/04/2025 SC Lite Edition


---------------------
; Table of Contents ;
---------------------
  1. Legal Notice
  2. IP Upgrade Summary
  3. Successfully Upgraded IP Components
  4. Failed Upgrade IP Components
  5. IP Upgrade Messages



----------------
; Legal Notice ;
----------------
Copyright (C) 2025  Altera Corporation. All rights reserved.
Your use of Altera Corporation's design tools, logic functions 
and other software and tools, and any partner logic 
functions, and any output files from any of the foregoing 
(including device programming or simulation files), and any 
associated documentation or information are expressly subject 
to the terms and conditions of the Altera Program License 
Subscription Agreement, the Altera Quartus Prime License Agreement,
the Altera IP License Agreement, or other applicable license
agreement, including, without limitation, that your use is for
the sole purpose of programming logic devices manufactured by
Altera and sold by Altera or its authorized distributors.  Please
refer to the Altera Software License Subscription Agreements 
on the Quartus Prime software download page.



+--------------------------------------------------------------------------------+
; IP Upgrade Summary                                                             ;
+------------------------------+-------------------------------------------------+
; IP Components Upgrade Status ; Passed - Tue Oct 28 23:08:41 2025               ;
; Quartus Prime Version        ; 24.1std.0 Build 1077 03/04/2025 SC Lite Edition ;
; Revision Name                ; soc_system                                      ;
; Top-level Entity Name        ; ghrd_top                                        ;
; Family                       ; Cyclone V                                       ;
+------------------------------+-------------------------------------------------+


+-----------------------------------------------------------------------------------------------------------------------------------------------------------------------+
; Successfully Upgraded IP Components                                                                                                                                   ;
+-------------+------------------------------+---------+----------------------------------+--------------------------------+----------------------------------+---------+
; Entity Name ; Component Name               ; Version ; Original Source File             ; Generation File Path           ; New Source File                  ; Message ;
+-------------+------------------------------+---------+----------------------------------+--------------------------------+----------------------------------+---------+
; hps_reset   ; In-System Sources and Probes ; 20.1    ; ip/altsource_probe/hps_reset.qip ; ip/altsource_probe/hps_reset.v ; ip/altsource_probe/hps_reset.qip ;         ;
+-------------+------------------------------+---------+----------------------------------+--------------------------------+----------------------------------+---------+


+----------------------------------------------------------------------------------------------------------------------------------------------------------------------------------+
; Failed Upgrade IP Components                                                                                                                                                     ;
+-------------+----------------+---------+-------------------------------------+----------------------+-----------------+----------------------------------------------------------+
; Entity Name ; Component Name ; Version ; Original Source File                ; Generation File Path ; New Source File ; Message                                                  ;
+-------------+----------------+---------+-------------------------------------+----------------------+-----------------+----------------------------------------------------------+
; soc_system  ; Qsys           ; 20.1    ; soc_system/synthesis/soc_system.qip ; soc_system.qsys      ;                 ; Error upgrading Platform Designer file "soc_system.qsys" ;
+-------------+----------------+---------+-------------------------------------+----------------------+-----------------+----------------------------------------------------------+


+---------------------+
; IP Upgrade Messages ;
+---------------------+
Info (11902): Backing up file "ip/altsource_probe/hps_reset.v" to "ip/altsource_probe/hps_reset.BAK.v"
Info (11837): Started upgrading IP component In-System Sources and Probes with file "ip/altsource_probe/hps_reset.v"
Info (11902): Backing up file "soc_system.qsys" to "soc_system.BAK.qsys"
Info (11902): Backing up file "soc_system/synthesis/soc_system.v" to "soc_system.BAK.v"
Info (11837): Started upgrading IP component Qsys with file "soc_system.qsys"
Info: 2025.10.28.23:05:44 Info: Starting to upgrade the IP cores in the Platform Designer system
Info: 2025.10.28.23:05:44 Info: Finished upgrading the ip cores
Info: 2025.10.28.23:06:07 Info: Saving generation log to C:/Users/Usuário/Desktop/Rafael/Uefs/Sistemas Digitais/quartus/Sistemas-Digitais/my_first_hps-fpga_base/soc_system
Info: 2025.10.28.23:06:07 Info: Starting: Create simulation model
Info: 2025.10.28.23:06:07 Info: qsys-generate "C:\Users\Usuário\Desktop\Rafael\Uefs\Sistemas Digitais\quartus\Sistemas-Digitais\my_first_hps-fpga_base\soc_system.qsys" --simulation=VERILOG --allow-mixed-language-simulation --output-directory="C:\Users\Usuário\Desktop\Rafael\Uefs\Sistemas Digitais\quartus\Sistemas-Digitais\my_first_hps-fpga_base\soc_system\simulation" --family="Cyclone V" --part=5CSEMA5F31C6
Info: 2025.10.28.23:06:07 Info: Loading my_first_hps-fpga_base
Info: 2025.10.28.23:06:08 Info: Reading input file
Info: 2025.10.28.23:06:08 Info: Adding clk_0 [clock_source 24.1]
Info: 2025.10.28.23:06:08 Info: Parameterizing module clk_0
Info: 2025.10.28.23:06:08 Info: Adding fpga_only_master [altera_jtag_avalon_master 24.1]
Info: 2025.10.28.23:06:08 Info: Parameterizing module fpga_only_master
Info: 2025.10.28.23:06:08 Info: Adding hps_0 [altera_hps 24.1]
Info: 2025.10.28.23:06:08 Info: Parameterizing module hps_0
Info: 2025.10.28.23:06:08 Info: Adding hps_only_master [altera_jtag_avalon_master 24.1]
Info: 2025.10.28.23:06:08 Info: Parameterizing module hps_only_master
Info: 2025.10.28.23:06:08 Info: Adding intr_capturer_0 [intr_capturer 100.99.98.97]
Info: 2025.10.28.23:06:08 Info: Parameterizing module intr_capturer_0
Info: 2025.10.28.23:06:08 Info: Adding jtag_uart [altera_avalon_jtag_uart 24.1]
Info: 2025.10.28.23:06:08 Info: Parameterizing module jtag_uart
Info: 2025.10.28.23:06:08 Info: Adding onchip_memory2_0 [altera_avalon_onchip_memory2 24.1]
Info: 2025.10.28.23:06:08 Info: Parameterizing module onchip_memory2_0
Info: 2025.10.28.23:06:08 Info: Adding sysid_qsys [altera_avalon_sysid_qsys 24.1]
Info: 2025.10.28.23:06:08 Info: Parameterizing module sysid_qsys
Info: 2025.10.28.23:06:08 Info: Building connections
Info: 2025.10.28.23:06:08 Info: Parameterizing connections
Info: 2025.10.28.23:06:08 Info: Validating
Info: 2025.10.28.23:06:17 Info: Done reading input file
Info: 2025.10.28.23:06:22 Info: soc_system.hps_0: HPS Main PLL counter settings: n = 0  m = 73
Info: 2025.10.28.23:06:22 Info: soc_system.hps_0: HPS peripherial PLL counter settings: n = 0  m = 39
Warning: 2025.10.28.23:06:22 Warning: soc_system.hps_0: "QSPI clock frequency" (desired_qspi_clk_mhz) requested 400.0 MHz, but only achieved 370.0 MHz
Warning: 2025.10.28.23:06:22 Warning: soc_system.hps_0: 1 or more output clock frequencies cannot be achieved precisely, consider revising desired output clock frequencies.
Warning: 2025.10.28.23:06:22 Warning: soc_system.hps_0: HPS model no longer supports simulation for HPS FPGA Bridges.
Info: 2025.10.28.23:06:22 Info: soc_system.jtag_uart: JTAG UART IP input clock need to be at least double (2x) the operating frequency of JTAG TCK on board
Info: 2025.10.28.23:06:22 Info: soc_system.sysid_qsys: System ID is not assigned automatically. Edit the System ID parameter to provide a unique ID
Info: 2025.10.28.23:06:22 Info: soc_system.sysid_qsys: Time stamp will be automatically updated when this component is generated.
Info: 2025.10.28.23:06:23 Info: soc_system: Generating "soc_system" for SIM_VERILOG
Info: 2025.10.28.23:06:32 Info: Interconnect is inserted between master hps_only_master.master and slave hps_0.f2h_axi_slave because the master is of type avalon and the slave is of type axi.
Warning: 2025.10.28.23:06:33 Warning: hps_0.f2h_irq0: Cannot connect clock for irq_mapper.sender
Warning: 2025.10.28.23:06:33 Warning: hps_0.f2h_irq0: Cannot connect reset for irq_mapper.sender
Warning: 2025.10.28.23:06:33 Warning: hps_0.f2h_irq1: Cannot connect clock for irq_mapper_001.sender
Warning: 2025.10.28.23:06:33 Warning: hps_0.f2h_irq1: Cannot connect reset for irq_mapper_001.sender
Info: 2025.10.28.23:06:41 Info: fpga_only_master: "soc_system" instantiated altera_jtag_avalon_master "fpga_only_master"
Info: 2025.10.28.23:06:41 Info: hps_0: "Running  for module: hps_0"
Info: 2025.10.28.23:06:41 Info: hps_0: HPS Main PLL counter settings: n = 0  m = 73
Info: 2025.10.28.23:06:42 Info: hps_0: HPS peripherial PLL counter settings: n = 0  m = 39
Warning: 2025.10.28.23:06:42 Warning: hps_0: "QSPI clock frequency" (desired_qspi_clk_mhz) requested 400.0 MHz, but only achieved 370.0 MHz
Warning: 2025.10.28.23:06:42 Warning: hps_0: 1 or more output clock frequencies cannot be achieved precisely, consider revising desired output clock frequencies.
Warning: 2025.10.28.23:06:42 Warning: hps_0: HPS model no longer supports simulation for HPS FPGA Bridges.
Info: 2025.10.28.23:06:45 Info: hps_0: "soc_system" instantiated altera_hps "hps_0"
Info: 2025.10.28.23:06:45 Info: intr_capturer_0: "soc_system" instantiated intr_capturer "intr_capturer_0"
Info: 2025.10.28.23:06:45 Info: jtag_uart: "soc_system" instantiated altera_avalon_jtag_uart "jtag_uart"
Info: 2025.10.28.23:06:45 Info: onchip_memory2_0: Starting RTL generation for module 'soc_system_onchip_memory2_0'
Info: 2025.10.28.23:06:47 Info: onchip_memory2_0: Done RTL generation for module 'soc_system_onchip_memory2_0'
Info: 2025.10.28.23:06:47 Info: onchip_memory2_0: "soc_system" instantiated altera_avalon_onchip_memory2 "onchip_memory2_0"
Info: 2025.10.28.23:06:47 Info: sysid_qsys: "soc_system" instantiated altera_avalon_sysid_qsys "sysid_qsys"
Info: 2025.10.28.23:06:51 Info: avalon_st_adapter: Inserting error_adapter: error_adapter_0
Info: 2025.10.28.23:06:52 Info: avalon_st_adapter_001: Inserting error_adapter: error_adapter_0
Info: 2025.10.28.23:06:52 Info: avalon_st_adapter_002: Inserting error_adapter: error_adapter_0
Info: 2025.10.28.23:06:53 Info: avalon_st_adapter_003: Inserting error_adapter: error_adapter_0
Info: 2025.10.28.23:06:56 Info: mm_interconnect_0: "soc_system" instantiated altera_mm_interconnect "mm_interconnect_0"
Info: 2025.10.28.23:06:57 Info: mm_interconnect_1: "soc_system" instantiated altera_mm_interconnect "mm_interconnect_1"
Info: 2025.10.28.23:06:57 Info: irq_mapper: "soc_system" instantiated altera_irq_mapper "irq_mapper"
Info: 2025.10.28.23:06:57 Info: irq_mapper_001: "soc_system" instantiated altera_irq_mapper "irq_mapper_001"
Info: 2025.10.28.23:06:58 Info: rst_controller: "soc_system" instantiated altera_reset_controller "rst_controller"
Info: 2025.10.28.23:06:58 Info: jtag_phy_embedded_in_jtag_master: "fpga_only_master" instantiated altera_jtag_dc_streaming "jtag_phy_embedded_in_jtag_master"
Info: 2025.10.28.23:06:58 Info: timing_adt: "fpga_only_master" instantiated timing_adapter "timing_adt"
Info: 2025.10.28.23:06:58 Info: fifo: "fpga_only_master" instantiated altera_avalon_sc_fifo "fifo"
Info: 2025.10.28.23:06:58 Info: b2p: "fpga_only_master" instantiated altera_avalon_st_bytes_to_packets "b2p"
Info: 2025.10.28.23:06:58 Info: p2b: "fpga_only_master" instantiated altera_avalon_st_packets_to_bytes "p2b"
Info: 2025.10.28.23:06:58 Info: transacto: "fpga_only_master" instantiated altera_avalon_packets_to_master "transacto"
Info: 2025.10.28.23:06:58 Info: b2p_adapter: "fpga_only_master" instantiated channel_adapter "b2p_adapter"
Info: 2025.10.28.23:06:58 Info: p2b_adapter: "fpga_only_master" instantiated channel_adapter "p2b_adapter"
Info: 2025.10.28.23:06:58 Info: fpga_interfaces: "hps_0" instantiated altera_interface_generator "fpga_interfaces"
Info: 2025.10.28.23:06:59 Info: hps_io: "hps_0" instantiated altera_hps_io "hps_io"
Info: 2025.10.28.23:06:59 Info: fpga_only_master_master_translator: "mm_interconnect_0" instantiated altera_merlin_master_translator "fpga_only_master_master_translator"
Info: 2025.10.28.23:06:59 Info: onchip_memory2_0_s1_translator: "mm_interconnect_0" instantiated altera_merlin_slave_translator "onchip_memory2_0_s1_translator"
Info: 2025.10.28.23:06:59 Info: hps_0_h2f_axi_master_agent: "mm_interconnect_0" instantiated altera_merlin_axi_master_ni "hps_0_h2f_axi_master_agent"
Info: 2025.10.28.23:06:59 Info: fpga_only_master_master_agent: "mm_interconnect_0" instantiated altera_merlin_master_agent "fpga_only_master_master_agent"
Info: 2025.10.28.23:06:59 Info: onchip_memory2_0_s1_agent: "mm_interconnect_0" instantiated altera_merlin_slave_agent "onchip_memory2_0_s1_agent"
Info: 2025.10.28.23:06:59 Info: router: "mm_interconnect_0" instantiated altera_merlin_router "router"
Info: 2025.10.28.23:06:59 Info: router_002: "mm_interconnect_0" instantiated altera_merlin_router "router_002"
Info: 2025.10.28.23:06:59 Info: router_003: "mm_interconnect_0" instantiated altera_merlin_router "router_003"
Info: 2025.10.28.23:06:59 Info: router_005: "mm_interconnect_0" instantiated altera_merlin_router "router_005"
Info: 2025.10.28.23:06:59 Info: router_006: "mm_interconnect_0" instantiated altera_merlin_router "router_006"
Info: 2025.10.28.23:06:59 Info: router_007: "mm_interconnect_0" instantiated altera_merlin_router "router_007"
Info: 2025.10.28.23:06:59 Info: fpga_only_master_master_limiter: "mm_interconnect_0" instantiated altera_merlin_traffic_limiter "fpga_only_master_master_limiter"
Info: 2025.10.28.23:06:59 Info: Reusing file C:/Users/Usuário/Desktop/Rafael/Uefs/Sistemas Digitais/quartus/Sistemas-Digitais/my_first_hps-fpga_base/soc_system/simulation/submodules
Info: 2025.10.28.23:06:59 Info: Reusing file C:/Users/Usuário/Desktop/Rafael/Uefs/Sistemas Digitais/quartus/Sistemas-Digitais/my_first_hps-fpga_base/soc_system/simulation/submodules
Info: 2025.10.28.23:07:00 Info: onchip_memory2_0_s1_burst_adapter: "mm_interconnect_0" instantiated altera_merlin_burst_adapter "onchip_memory2_0_s1_burst_adapter"
Info: 2025.10.28.23:07:00 Info: Reusing file C:/Users/Usuário/Desktop/Rafael/Uefs/Sistemas Digitais/quartus/Sistemas-Digitais/my_first_hps-fpga_base/soc_system/simulation/submodules
Info: 2025.10.28.23:07:00 Info: Reusing file C:/Users/Usuário/Desktop/Rafael/Uefs/Sistemas Digitais/quartus/Sistemas-Digitais/my_first_hps-fpga_base/soc_system/simulation/submodules
Info: 2025.10.28.23:07:00 Info: Reusing file C:/Users/Usuário/Desktop/Rafael/Uefs/Sistemas Digitais/quartus/Sistemas-Digitais/my_first_hps-fpga_base/soc_system/simulation/submodules
Info: 2025.10.28.23:07:00 Info: cmd_demux: "mm_interconnect_0" instantiated altera_merlin_demultiplexer "cmd_demux"
Info: 2025.10.28.23:07:00 Info: cmd_demux_002: "mm_interconnect_0" instantiated altera_merlin_demultiplexer "cmd_demux_002"
Info: 2025.10.28.23:07:00 Info: cmd_demux_003: "mm_interconnect_0" instantiated altera_merlin_demultiplexer "cmd_demux_003"
Info: 2025.10.28.23:07:00 Info: cmd_mux: "mm_interconnect_0" instantiated altera_merlin_multiplexer "cmd_mux"
Info: 2025.10.28.23:07:00 Info: cmd_mux_001: "mm_interconnect_0" instantiated altera_merlin_multiplexer "cmd_mux_001"
Info: 2025.10.28.23:07:00 Info: Reusing file C:/Users/Usuário/Desktop/Rafael/Uefs/Sistemas Digitais/quartus/Sistemas-Digitais/my_first_hps-fpga_base/soc_system/simulation/submodules
Info: 2025.10.28.23:07:00 Info: cmd_mux_002: "mm_interconnect_0" instantiated altera_merlin_multiplexer "cmd_mux_002"
Info: 2025.10.28.23:07:00 Info: Reusing file C:/Users/Usuário/Desktop/Rafael/Uefs/Sistemas Digitais/quartus/Sistemas-Digitais/my_first_hps-fpga_base/soc_system/simulation/submodules
Info: 2025.10.28.23:07:00 Info: rsp_demux: "mm_interconnect_0" instantiated altera_merlin_demultiplexer "rsp_demux"
Info: 2025.10.28.23:07:00 Info: rsp_demux_001: "mm_interconnect_0" instantiated altera_merlin_demultiplexer "rsp_demux_001"
Info: 2025.10.28.23:07:00 Info: rsp_demux_002: "mm_interconnect_0" instantiated altera_merlin_demultiplexer "rsp_demux_002"
Info: 2025.10.28.23:07:00 Info: rsp_mux: "mm_interconnect_0" instantiated altera_merlin_multiplexer "rsp_mux"
Info: 2025.10.28.23:07:00 Info: Reusing file C:/Users/Usuário/Desktop/Rafael/Uefs/Sistemas Digitais/quartus/Sistemas-Digitais/my_first_hps-fpga_base/soc_system/simulation/submodules
Info: 2025.10.28.23:07:00 Info: rsp_mux_002: "mm_interconnect_0" instantiated altera_merlin_multiplexer "rsp_mux_002"
Info: 2025.10.28.23:07:00 Info: Reusing file C:/Users/Usuário/Desktop/Rafael/Uefs/Sistemas Digitais/quartus/Sistemas-Digitais/my_first_hps-fpga_base/soc_system/simulation/submodules
Info: 2025.10.28.23:07:00 Info: rsp_mux_003: "mm_interconnect_0" instantiated altera_merlin_multiplexer "rsp_mux_003"
Info: 2025.10.28.23:07:00 Info: Reusing file C:/Users/Usuário/Desktop/Rafael/Uefs/Sistemas Digitais/quartus/Sistemas-Digitais/my_first_hps-fpga_base/soc_system/simulation/submodules
Info: 2025.10.28.23:07:00 Info: fpga_only_master_master_to_onchip_memory2_0_s1_cmd_width_adapter: "mm_interconnect_0" instantiated altera_merlin_width_adapter "fpga_only_master_master_to_onchip_memory2_0_s1_cmd_width_adapter"
Info: 2025.10.28.23:07:00 Info: Reusing file C:/Users/Usuário/Desktop/Rafael/Uefs/Sistemas Digitais/quartus/Sistemas-Digitais/my_first_hps-fpga_base/soc_system/simulation/submodules
Info: 2025.10.28.23:07:00 Info: Reusing file C:/Users/Usuário/Desktop/Rafael/Uefs/Sistemas Digitais/quartus/Sistemas-Digitais/my_first_hps-fpga_base/soc_system/simulation/submodules
Info: 2025.10.28.23:07:01 Info: avalon_st_adapter: "mm_interconnect_0" instantiated altera_avalon_st_adapter "avalon_st_adapter"
Info: 2025.10.28.23:07:02 Info: avalon_st_adapter_001: "mm_interconnect_0" instantiated altera_avalon_st_adapter "avalon_st_adapter_001"
Info: 2025.10.28.23:07:02 Info: hps_0_f2h_axi_slave_agent: "mm_interconnect_1" instantiated altera_merlin_axi_slave_ni "hps_0_f2h_axi_slave_agent"
Info: 2025.10.28.23:07:02 Info: Reusing file C:/Users/Usuário/Desktop/Rafael/Uefs/Sistemas Digitais/quartus/Sistemas-Digitais/my_first_hps-fpga_base/soc_system/simulation/submodules
Info: 2025.10.28.23:07:02 Info: Reusing file C:/Users/Usuário/Desktop/Rafael/Uefs/Sistemas Digitais/quartus/Sistemas-Digitais/my_first_hps-fpga_base/soc_system/simulation/submodules
Info: 2025.10.28.23:07:02 Info: Reusing file C:/Users/Usuário/Desktop/Rafael/Uefs/Sistemas Digitais/quartus/Sistemas-Digitais/my_first_hps-fpga_base/soc_system/simulation/submodules
Info: 2025.10.28.23:07:02 Info: router: "mm_interconnect_1" instantiated altera_merlin_router "router"
Info: 2025.10.28.23:07:02 Info: router_001: "mm_interconnect_1" instantiated altera_merlin_router "router_001"
Info: 2025.10.28.23:07:02 Info: cmd_demux: "mm_interconnect_1" instantiated altera_merlin_demultiplexer "cmd_demux"
Info: 2025.10.28.23:07:02 Info: cmd_mux: "mm_interconnect_1" instantiated altera_merlin_multiplexer "cmd_mux"
Info: 2025.10.28.23:07:02 Info: Reusing file C:/Users/Usuário/Desktop/Rafael/Uefs/Sistemas Digitais/quartus/Sistemas-Digitais/my_first_hps-fpga_base/soc_system/simulation/submodules
Info: 2025.10.28.23:07:02 Info: rsp_demux: "mm_interconnect_1" instantiated altera_merlin_demultiplexer "rsp_demux"
Info: 2025.10.28.23:07:02 Info: rsp_mux: "mm_interconnect_1" instantiated altera_merlin_multiplexer "rsp_mux"
Info: 2025.10.28.23:07:02 Info: Reusing file C:/Users/Usuário/Desktop/Rafael/Uefs/Sistemas Digitais/quartus/Sistemas-Digitais/my_first_hps-fpga_base/soc_system/simulation/submodules
Info: 2025.10.28.23:07:02 Info: border: "hps_io" instantiated altera_interface_generator "border"
Info: 2025.10.28.23:07:02 Info: Reusing file C:/Users/Usuário/Desktop/Rafael/Uefs/Sistemas Digitais/quartus/Sistemas-Digitais/my_first_hps-fpga_base/soc_system/simulation/submodules
Info: 2025.10.28.23:07:02 Info: Reusing file C:/Users/Usuário/Desktop/Rafael/Uefs/Sistemas Digitais/quartus/Sistemas-Digitais/my_first_hps-fpga_base/soc_system/simulation/submodules
Info: 2025.10.28.23:07:02 Info: Reusing file C:/Users/Usuário/Desktop/Rafael/Uefs/Sistemas Digitais/quartus/Sistemas-Digitais/my_first_hps-fpga_base/soc_system/simulation/submodules
Info: 2025.10.28.23:07:02 Info: Reusing file C:/Users/Usuário/Desktop/Rafael/Uefs/Sistemas Digitais/quartus/Sistemas-Digitais/my_first_hps-fpga_base/soc_system/simulation/submodules
Info: 2025.10.28.23:07:02 Info: Reusing file C:/Users/Usuário/Desktop/Rafael/Uefs/Sistemas Digitais/quartus/Sistemas-Digitais/my_first_hps-fpga_base/soc_system/simulation/submodules
Info: 2025.10.28.23:07:02 Info: Reusing file C:/Users/Usuário/Desktop/Rafael/Uefs/Sistemas Digitais/quartus/Sistemas-Digitais/my_first_hps-fpga_base/soc_system/simulation/submodules
Info: 2025.10.28.23:07:02 Info: Reusing file C:/Users/Usuário/Desktop/Rafael/Uefs/Sistemas Digitais/quartus/Sistemas-Digitais/my_first_hps-fpga_base/soc_system/simulation/submodules
Info: 2025.10.28.23:07:02 Info: error_adapter_0: "avalon_st_adapter" instantiated error_adapter "error_adapter_0"
Info: 2025.10.28.23:07:02 Info: error_adapter_0: "avalon_st_adapter_001" instantiated error_adapter "error_adapter_0"
Info: 2025.10.28.23:07:02 Info: soc_system: Done "soc_system" with 60 modules, 101 files
Info: 2025.10.28.23:07:02 Info: qsys-generate succeeded.
Info: 2025.10.28.23:07:02 Info: Finished: Create simulation model
Info: 2025.10.28.23:07:02 Info: Starting: Create Modelsim Project.
Info: 2025.10.28.23:07:02 Info: Doing: ip-make-simscript --spd=C:\Users\Usuário\Desktop\Rafael\Uefs\Sistemas Digitais\quartus\Sistemas-Digitais\my_first_hps-fpga_base\soc_system\soc_system.spd --output-directory=C:/Users/Usuário/Desktop/Rafael/Uefs/Sistemas Digitais/quartus/Sistemas-Digitais/my_first_hps-fpga_base/soc_system/simulation
Info: 2025.10.28.23:07:03 Info: Generating the following file(s) for MODELSIM simulator in C:/Users/Usuário/Desktop/Rafael/Uefs/Sistemas Digitais/quartus/Sistemas-Digitais/my_first_hps-fpga_base/soc_system/simulation
Info: 2025.10.28.23:07:03 Info:     mentor
Info: 2025.10.28.23:07:03 Info: Generating the following file(s) for RIVIERA simulator in C:/Users/Usuário/Desktop/Rafael/Uefs/Sistemas Digitais/quartus/Sistemas-Digitais/my_first_hps-fpga_base/soc_system/simulation
Info: 2025.10.28.23:07:03 Info:     aldec
Info: 2025.10.28.23:07:03 Info: For information on how to simulate your IP, see the explanatory comments in the simulator-specific subdirectories under C:/Users/Usuário/Desktop/Rafael/Uefs/Sistemas Digitais/quartus/Sistemas-Digitais/my_first_hps-fpga_base/soc_system/simulation
Info: 2025.10.28.23:07:03 Info: Regenerate these scripts whenever you make any change to any Quartus-generated IP in your project.
Info: 2025.10.28.23:07:03 Info: Finished: Create Modelsim Project.
Info: 2025.10.28.23:07:03 Info: Starting: Create block symbol file (.bsf)
Info: 2025.10.28.23:07:03 Info: qsys-generate "C:\Users\Usuário\Desktop\Rafael\Uefs\Sistemas Digitais\quartus\Sistemas-Digitais\my_first_hps-fpga_base\soc_system.qsys" --block-symbol-file --output-directory="C:\Users\Usuário\Desktop\Rafael\Uefs\Sistemas Digitais\quartus\Sistemas-Digitais\my_first_hps-fpga_base\soc_system" --family="Cyclone V" --part=5CSEMA5F31C6
Info: 2025.10.28.23:07:03 Info: Loading my_first_hps-fpga_base
Info: 2025.10.28.23:07:04 Info: Reading input file
Info: 2025.10.28.23:07:04 Info: Adding clk_0 [clock_source 24.1]
Info: 2025.10.28.23:07:04 Info: Parameterizing module clk_0
Info: 2025.10.28.23:07:04 Info: Adding fpga_only_master [altera_jtag_avalon_master 24.1]
Info: 2025.10.28.23:07:04 Info: Parameterizing module fpga_only_master
Info: 2025.10.28.23:07:04 Info: Adding hps_0 [altera_hps 24.1]
Info: 2025.10.28.23:07:04 Info: Parameterizing module hps_0
Info: 2025.10.28.23:07:04 Info: Adding hps_only_master [altera_jtag_avalon_master 24.1]
Info: 2025.10.28.23:07:04 Info: Parameterizing module hps_only_master
Info: 2025.10.28.23:07:04 Info: Adding intr_capturer_0 [intr_capturer 100.99.98.97]
Info: 2025.10.28.23:07:04 Info: Parameterizing module intr_capturer_0
Info: 2025.10.28.23:07:04 Info: Adding jtag_uart [altera_avalon_jtag_uart 24.1]
Info: 2025.10.28.23:07:04 Info: Parameterizing module jtag_uart
Info: 2025.10.28.23:07:04 Info: Adding onchip_memory2_0 [altera_avalon_onchip_memory2 24.1]
Info: 2025.10.28.23:07:04 Info: Parameterizing module onchip_memory2_0
Info: 2025.10.28.23:07:04 Info: Adding sysid_qsys [altera_avalon_sysid_qsys 24.1]
Info: 2025.10.28.23:07:04 Info: Parameterizing module sysid_qsys
Info: 2025.10.28.23:07:04 Info: Building connections
Info: 2025.10.28.23:07:04 Info: Parameterizing connections
Info: 2025.10.28.23:07:04 Info: Validating
Info: 2025.10.28.23:07:14 Info: Done reading input file
Info: 2025.10.28.23:07:18 Info: soc_system.hps_0: HPS Main PLL counter settings: n = 0  m = 73
Info: 2025.10.28.23:07:18 Info: soc_system.hps_0: HPS peripherial PLL counter settings: n = 0  m = 39
Warning: 2025.10.28.23:07:18 Warning: soc_system.hps_0: "QSPI clock frequency" (desired_qspi_clk_mhz) requested 400.0 MHz, but only achieved 370.0 MHz
Warning: 2025.10.28.23:07:18 Warning: soc_system.hps_0: 1 or more output clock frequencies cannot be achieved precisely, consider revising desired output clock frequencies.
Warning: 2025.10.28.23:07:18 Warning: soc_system.hps_0: HPS model no longer supports simulation for HPS FPGA Bridges.
Info: 2025.10.28.23:07:18 Info: soc_system.jtag_uart: JTAG UART IP input clock need to be at least double (2x) the operating frequency of JTAG TCK on board
Info: 2025.10.28.23:07:18 Info: soc_system.sysid_qsys: System ID is not assigned automatically. Edit the System ID parameter to provide a unique ID
Info: 2025.10.28.23:07:18 Info: soc_system.sysid_qsys: Time stamp will be automatically updated when this component is generated.
Info: 2025.10.28.23:07:19 Info: qsys-generate succeeded.
Info: 2025.10.28.23:07:19 Info: Finished: Create block symbol file (.bsf)
Info: 2025.10.28.23:07:19 Info:
Info: 2025.10.28.23:07:19 Info: Starting: Create HDL design files for synthesis
Info: 2025.10.28.23:07:19 Info: qsys-generate "C:\Users\Usuário\Desktop\Rafael\Uefs\Sistemas Digitais\quartus\Sistemas-Digitais\my_first_hps-fpga_base\soc_system.qsys" --synthesis=VERILOG --output-directory="C:\Users\Usuário\Desktop\Rafael\Uefs\Sistemas Digitais\quartus\Sistemas-Digitais\my_first_hps-fpga_base\soc_system\synthesis" --family="Cyclone V" --part=5CSEMA5F31C6
Info: 2025.10.28.23:07:19 Info: Loading my_first_hps-fpga_base
Info: 2025.10.28.23:07:19 Info: Reading input file
Info: 2025.10.28.23:07:19 Info: Adding clk_0 [clock_source 24.1]
Info: 2025.10.28.23:07:19 Info: Parameterizing module clk_0
Info: 2025.10.28.23:07:19 Info: Adding fpga_only_master [altera_jtag_avalon_master 24.1]
Info: 2025.10.28.23:07:19 Info: Parameterizing module fpga_only_master
Info: 2025.10.28.23:07:19 Info: Adding hps_0 [altera_hps 24.1]
Info: 2025.10.28.23:07:19 Info: Parameterizing module hps_0
Info: 2025.10.28.23:07:19 Info: Adding hps_only_master [altera_jtag_avalon_master 24.1]
Info: 2025.10.28.23:07:19 Info: Parameterizing module hps_only_master
Info: 2025.10.28.23:07:19 Info: Adding intr_capturer_0 [intr_capturer 100.99.98.97]
Info: 2025.10.28.23:07:19 Info: Parameterizing module intr_capturer_0
Info: 2025.10.28.23:07:19 Info: Adding jtag_uart [altera_avalon_jtag_uart 24.1]
Info: 2025.10.28.23:07:19 Info: Parameterizing module jtag_uart
Info: 2025.10.28.23:07:19 Info: Adding onchip_memory2_0 [altera_avalon_onchip_memory2 24.1]
Info: 2025.10.28.23:07:19 Info: Parameterizing module onchip_memory2_0
Info: 2025.10.28.23:07:19 Info: Adding sysid_qsys [altera_avalon_sysid_qsys 24.1]
Info: 2025.10.28.23:07:19 Info: Parameterizing module sysid_qsys
Info: 2025.10.28.23:07:19 Info: Building connections
Info: 2025.10.28.23:07:19 Info: Parameterizing connections
Info: 2025.10.28.23:07:19 Info: Validating
Info: 2025.10.28.23:07:29 Info: Done reading input file
Info: 2025.10.28.23:07:33 Info: soc_system.hps_0: HPS Main PLL counter settings: n = 0  m = 73
Info: 2025.10.28.23:07:33 Info: soc_system.hps_0: HPS peripherial PLL counter settings: n = 0  m = 39
Warning: 2025.10.28.23:07:33 Warning: soc_system.hps_0: "QSPI clock frequency" (desired_qspi_clk_mhz) requested 400.0 MHz, but only achieved 370.0 MHz
Warning: 2025.10.28.23:07:33 Warning: soc_system.hps_0: 1 or more output clock frequencies cannot be achieved precisely, consider revising desired output clock frequencies.
Warning: 2025.10.28.23:07:33 Warning: soc_system.hps_0: HPS model no longer supports simulation for HPS FPGA Bridges.
Info: 2025.10.28.23:07:33 Info: soc_system.jtag_uart: JTAG UART IP input clock need to be at least double (2x) the operating frequency of JTAG TCK on board
Info: 2025.10.28.23:07:33 Info: soc_system.sysid_qsys: System ID is not assigned automatically. Edit the System ID parameter to provide a unique ID
Info: 2025.10.28.23:07:33 Info: soc_system.sysid_qsys: Time stamp will be automatically updated when this component is generated.
Info: 2025.10.28.23:07:36 Info: soc_system: Generating "soc_system" for QUARTUS_SYNTH
Info: 2025.10.28.23:07:42 Info: Interconnect is inserted between master hps_only_master.master and slave hps_0.f2h_axi_slave because the master is of type avalon and the slave is of type axi.
Warning: 2025.10.28.23:07:43 Warning: hps_0.f2h_irq0: Cannot connect clock for irq_mapper.sender
Warning: 2025.10.28.23:07:43 Warning: hps_0.f2h_irq0: Cannot connect reset for irq_mapper.sender
Warning: 2025.10.28.23:07:43 Warning: hps_0.f2h_irq1: Cannot connect clock for irq_mapper_001.sender
Warning: 2025.10.28.23:07:43 Warning: hps_0.f2h_irq1: Cannot connect reset for irq_mapper_001.sender
Info: 2025.10.28.23:07:50 Info: fpga_only_master: "soc_system" instantiated altera_jtag_avalon_master "fpga_only_master"
Info: 2025.10.28.23:07:50 Info: hps_0: "Running  for module: hps_0"
Info: 2025.10.28.23:07:51 Info: hps_0: HPS Main PLL counter settings: n = 0  m = 73
Info: 2025.10.28.23:07:52 Info: hps_0: HPS peripherial PLL counter settings: n = 0  m = 39
Warning: 2025.10.28.23:07:52 Warning: hps_0: "QSPI clock frequency" (desired_qspi_clk_mhz) requested 400.0 MHz, but only achieved 370.0 MHz
Warning: 2025.10.28.23:07:52 Warning: hps_0: 1 or more output clock frequencies cannot be achieved precisely, consider revising desired output clock frequencies.
Warning: 2025.10.28.23:07:52 Warning: hps_0: HPS model no longer supports simulation for HPS FPGA Bridges.
Info: 2025.10.28.23:07:55 Info: hps_0: "soc_system" instantiated altera_hps "hps_0"
Info: 2025.10.28.23:07:55 Info: intr_capturer_0: "soc_system" instantiated intr_capturer "intr_capturer_0"
Info: 2025.10.28.23:07:55 Info: jtag_uart: "soc_system" instantiated altera_avalon_jtag_uart "jtag_uart"
Info: 2025.10.28.23:07:55 Info: onchip_memory2_0: Starting RTL generation for module 'soc_system_onchip_memory2_0'
Info: 2025.10.28.23:07:55 Info: onchip_memory2_0: Done RTL generation for module 'soc_system_onchip_memory2_0'
Info: 2025.10.28.23:07:55 Info: onchip_memory2_0: "soc_system" instantiated altera_avalon_onchip_memory2 "onchip_memory2_0"
Info: 2025.10.28.23:07:55 Info: sysid_qsys: "soc_system" instantiated altera_avalon_sysid_qsys "sysid_qsys"
Info: 2025.10.28.23:07:59 Info: avalon_st_adapter: Inserting error_adapter: error_adapter_0
Info: 2025.10.28.23:08:00 Info: avalon_st_adapter_001: Inserting error_adapter: error_adapter_0
Info: 2025.10.28.23:08:00 Info: avalon_st_adapter_002: Inserting error_adapter: error_adapter_0
Info: 2025.10.28.23:08:01 Info: avalon_st_adapter_003: Inserting error_adapter: error_adapter_0
Info: 2025.10.28.23:08:03 Info: mm_interconnect_0: "soc_system" instantiated altera_mm_interconnect "mm_interconnect_0"
Info: 2025.10.28.23:08:05 Info: mm_interconnect_1: "soc_system" instantiated altera_mm_interconnect "mm_interconnect_1"
Info: 2025.10.28.23:08:05 Info: irq_mapper: "soc_system" instantiated altera_irq_mapper "irq_mapper"
Info: 2025.10.28.23:08:05 Info: irq_mapper_001: "soc_system" instantiated altera_irq_mapper "irq_mapper_001"
Info: 2025.10.28.23:08:05 Info: rst_controller: "soc_system" instantiated altera_reset_controller "rst_controller"
Info: 2025.10.28.23:08:05 Info: jtag_phy_embedded_in_jtag_master: "fpga_only_master" instantiated altera_jtag_dc_streaming "jtag_phy_embedded_in_jtag_master"
Info: 2025.10.28.23:08:05 Info: timing_adt: "fpga_only_master" instantiated timing_adapter "timing_adt"
Info: 2025.10.28.23:08:05 Info: fifo: "fpga_only_master" instantiated altera_avalon_sc_fifo "fifo"
Info: 2025.10.28.23:08:05 Info: b2p: "fpga_only_master" instantiated altera_avalon_st_bytes_to_packets "b2p"
Info: 2025.10.28.23:08:05 Info: p2b: "fpga_only_master" instantiated altera_avalon_st_packets_to_bytes "p2b"
Info: 2025.10.28.23:08:05 Info: transacto: "fpga_only_master" instantiated altera_avalon_packets_to_master "transacto"
Info: 2025.10.28.23:08:05 Info: b2p_adapter: "fpga_only_master" instantiated channel_adapter "b2p_adapter"
Info: 2025.10.28.23:08:05 Info: p2b_adapter: "fpga_only_master" instantiated channel_adapter "p2b_adapter"
Info: 2025.10.28.23:08:05 Info: fpga_interfaces: "hps_0" instantiated altera_interface_generator "fpga_interfaces"
Info: 2025.10.28.23:08:06 Info: hps_io: "hps_0" instantiated altera_hps_io "hps_io"
Info: 2025.10.28.23:08:06 Info: fpga_only_master_master_translator: "mm_interconnect_0" instantiated altera_merlin_master_translator "fpga_only_master_master_translator"
Info: 2025.10.28.23:08:06 Info: onchip_memory2_0_s1_translator: "mm_interconnect_0" instantiated altera_merlin_slave_translator "onchip_memory2_0_s1_translator"
Info: 2025.10.28.23:08:06 Info: hps_0_h2f_axi_master_agent: "mm_interconnect_0" instantiated altera_merlin_axi_master_ni "hps_0_h2f_axi_master_agent"
Info: 2025.10.28.23:08:06 Info: fpga_only_master_master_agent: "mm_interconnect_0" instantiated altera_merlin_master_agent "fpga_only_master_master_agent"
Info: 2025.10.28.23:08:06 Info: onchip_memory2_0_s1_agent: "mm_interconnect_0" instantiated altera_merlin_slave_agent "onchip_memory2_0_s1_agent"
Info: 2025.10.28.23:08:06 Info: router: "mm_interconnect_0" instantiated altera_merlin_router "router"
Info: 2025.10.28.23:08:06 Info: router_002: "mm_interconnect_0" instantiated altera_merlin_router "router_002"
Info: 2025.10.28.23:08:06 Info: router_003: "mm_interconnect_0" instantiated altera_merlin_router "router_003"
Info: 2025.10.28.23:08:06 Info: router_005: "mm_interconnect_0" instantiated altera_merlin_router "router_005"
Info: 2025.10.28.23:08:06 Info: router_006: "mm_interconnect_0" instantiated altera_merlin_router "router_006"
Info: 2025.10.28.23:08:06 Info: router_007: "mm_interconnect_0" instantiated altera_merlin_router "router_007"
Info: 2025.10.28.23:08:06 Info: fpga_only_master_master_limiter: "mm_interconnect_0" instantiated altera_merlin_traffic_limiter "fpga_only_master_master_limiter"
Info: 2025.10.28.23:08:06 Info: Reusing file C:/Users/Usuário/Desktop/Rafael/Uefs/Sistemas Digitais/quartus/Sistemas-Digitais/my_first_hps-fpga_base/soc_system/synthesis/submodules
Info: 2025.10.28.23:08:06 Info: Reusing file C:/Users/Usuário/Desktop/Rafael/Uefs/Sistemas Digitais/quartus/Sistemas-Digitais/my_first_hps-fpga_base/soc_system/synthesis/submodules
Info: 2025.10.28.23:08:06 Info: onchip_memory2_0_s1_burst_adapter: "mm_interconnect_0" instantiated altera_merlin_burst_adapter "onchip_memory2_0_s1_burst_adapter"
Info: 2025.10.28.23:08:06 Info: Reusing file C:/Users/Usuário/Desktop/Rafael/Uefs/Sistemas Digitais/quartus/Sistemas-Digitais/my_first_hps-fpga_base/soc_system/synthesis/submodules
Info: 2025.10.28.23:08:06 Info: Reusing file C:/Users/Usuário/Desktop/Rafael/Uefs/Sistemas Digitais/quartus/Sistemas-Digitais/my_first_hps-fpga_base/soc_system/synthesis/submodules
Info: 2025.10.28.23:08:06 Info: Reusing file C:/Users/Usuário/Desktop/Rafael/Uefs/Sistemas Digitais/quartus/Sistemas-Digitais/my_first_hps-fpga_base/soc_system/synthesis/submodules
Info: 2025.10.28.23:08:06 Info: cmd_demux: "mm_interconnect_0" instantiated altera_merlin_demultiplexer "cmd_demux"
Info: 2025.10.28.23:08:06 Info: cmd_demux_002: "mm_interconnect_0" instantiated altera_merlin_demultiplexer "cmd_demux_002"
Info: 2025.10.28.23:08:06 Info: cmd_demux_003: "mm_interconnect_0" instantiated altera_merlin_demultiplexer "cmd_demux_003"
Info: 2025.10.28.23:08:06 Info: cmd_mux: "mm_interconnect_0" instantiated altera_merlin_multiplexer "cmd_mux"
Info: 2025.10.28.23:08:06 Info: cmd_mux_001: "mm_interconnect_0" instantiated altera_merlin_multiplexer "cmd_mux_001"
Info: 2025.10.28.23:08:06 Info: Reusing file C:/Users/Usuário/Desktop/Rafael/Uefs/Sistemas Digitais/quartus/Sistemas-Digitais/my_first_hps-fpga_base/soc_system/synthesis/submodules
Info: 2025.10.28.23:08:06 Info: cmd_mux_002: "mm_interconnect_0" instantiated altera_merlin_multiplexer "cmd_mux_002"
Info: 2025.10.28.23:08:06 Info: Reusing file C:/Users/Usuário/Desktop/Rafael/Uefs/Sistemas Digitais/quartus/Sistemas-Digitais/my_first_hps-fpga_base/soc_system/synthesis/submodules
Info: 2025.10.28.23:08:06 Info: rsp_demux: "mm_interconnect_0" instantiated altera_merlin_demultiplexer "rsp_demux"
Info: 2025.10.28.23:08:06 Info: rsp_demux_001: "mm_interconnect_0" instantiated altera_merlin_demultiplexer "rsp_demux_001"
Info: 2025.10.28.23:08:06 Info: rsp_demux_002: "mm_interconnect_0" instantiated altera_merlin_demultiplexer "rsp_demux_002"
Info: 2025.10.28.23:08:06 Info: rsp_mux: "mm_interconnect_0" instantiated altera_merlin_multiplexer "rsp_mux"
Info: 2025.10.28.23:08:06 Info: Reusing file C:/Users/Usuário/Desktop/Rafael/Uefs/Sistemas Digitais/quartus/Sistemas-Digitais/my_first_hps-fpga_base/soc_system/synthesis/submodules
Info: 2025.10.28.23:08:06 Info: rsp_mux_002: "mm_interconnect_0" instantiated altera_merlin_multiplexer "rsp_mux_002"
Info: 2025.10.28.23:08:06 Info: Reusing file C:/Users/Usuário/Desktop/Rafael/Uefs/Sistemas Digitais/quartus/Sistemas-Digitais/my_first_hps-fpga_base/soc_system/synthesis/submodules
Info: 2025.10.28.23:08:07 Info: rsp_mux_003: "mm_interconnect_0" instantiated altera_merlin_multiplexer "rsp_mux_003"
Info: 2025.10.28.23:08:07 Info: Reusing file C:/Users/Usuário/Desktop/Rafael/Uefs/Sistemas Digitais/quartus/Sistemas-Digitais/my_first_hps-fpga_base/soc_system/synthesis/submodules
Info: 2025.10.28.23:08:07 Info: fpga_only_master_master_to_onchip_memory2_0_s1_cmd_width_adapter: "mm_interconnect_0" instantiated altera_merlin_width_adapter "fpga_only_master_master_to_onchip_memory2_0_s1_cmd_width_adapter"
Info: 2025.10.28.23:08:07 Info: Reusing file C:/Users/Usuário/Desktop/Rafael/Uefs/Sistemas Digitais/quartus/Sistemas-Digitais/my_first_hps-fpga_base/soc_system/synthesis/submodules
Info: 2025.10.28.23:08:07 Info: Reusing file C:/Users/Usuário/Desktop/Rafael/Uefs/Sistemas Digitais/quartus/Sistemas-Digitais/my_first_hps-fpga_base/soc_system/synthesis/submodules
Info: 2025.10.28.23:08:08 Info: avalon_st_adapter: "mm_interconnect_0" instantiated altera_avalon_st_adapter "avalon_st_adapter"
Info: 2025.10.28.23:08:09 Info: avalon_st_adapter_001: "mm_interconnect_0" instantiated altera_avalon_st_adapter "avalon_st_adapter_001"
Info: 2025.10.28.23:08:09 Info: hps_0_f2h_axi_slave_agent: "mm_interconnect_1" instantiated altera_merlin_axi_slave_ni "hps_0_f2h_axi_slave_agent"
Info: 2025.10.28.23:08:09 Info: Reusing file C:/Users/Usuário/Desktop/Rafael/Uefs/Sistemas Digitais/quartus/Sistemas-Digitais/my_first_hps-fpga_base/soc_system/synthesis/submodules
Info: 2025.10.28.23:08:09 Info: Reusing file C:/Users/Usuário/Desktop/Rafael/Uefs/Sistemas Digitais/quartus/Sistemas-Digitais/my_first_hps-fpga_base/soc_system/synthesis/submodules
Info: 2025.10.28.23:08:09 Info: Reusing file C:/Users/Usuário/Desktop/Rafael/Uefs/Sistemas Digitais/quartus/Sistemas-Digitais/my_first_hps-fpga_base/soc_system/synthesis/submodules
Info: 2025.10.28.23:08:09 Info: router: "mm_interconnect_1" instantiated altera_merlin_router "router"
Info: 2025.10.28.23:08:09 Info: router_001: "mm_interconnect_1" instantiated altera_merlin_router "router_001"
Info: 2025.10.28.23:08:09 Info: cmd_demux: "mm_interconnect_1" instantiated altera_merlin_demultiplexer "cmd_demux"
Info: 2025.10.28.23:08:09 Info: cmd_mux: "mm_interconnect_1" instantiated altera_merlin_multiplexer "cmd_mux"
Info: 2025.10.28.23:08:09 Info: Reusing file C:/Users/Usuário/Desktop/Rafael/Uefs/Sistemas Digitais/quartus/Sistemas-Digitais/my_first_hps-fpga_base/soc_system/synthesis/submodules
Info: 2025.10.28.23:08:09 Info: rsp_demux: "mm_interconnect_1" instantiated altera_merlin_demultiplexer "rsp_demux"
Info: 2025.10.28.23:08:09 Info: rsp_mux: "mm_interconnect_1" instantiated altera_merlin_multiplexer "rsp_mux"
Info: 2025.10.28.23:08:09 Info: Reusing file C:/Users/Usuário/Desktop/Rafael/Uefs/Sistemas Digitais/quartus/Sistemas-Digitais/my_first_hps-fpga_base/soc_system/synthesis/submodules
Error: 2025.10.28.23:08:31 Error: border: Error during execution of script generate_hps_sdram.tcl: seq: Nios II Command Shell.bat requires Windows Subsystem for Linux (WSL) to run.
Error: 2025.10.28.23:08:31 Error: border: Error during execution of script generate_hps_sdram.tcl: seq: Please install WSL and try again.
Error: 2025.10.28.23:08:31 Error: border: Error during execution of script generate_hps_sdram.tcl: seq: child process exited abnormally
Error: 2025.10.28.23:08:31 Error: border: Error during execution of script generate_hps_sdram.tcl: seq: add_fileset_file: No such file C:/Users/USURIO~2/AppData/Local/Temp/alt0390_4383461638331043852.dir/0004_seq_gen
Error: 2025.10.28.23:08:31 Error: border: Error during execution of script generate_hps_sdram.tcl: Generation stopped, 3 or more modules remaining
Error: 2025.10.28.23:08:31 Error: border: Execution of script generate_hps_sdram.tcl failed
Error: 2025.10.28.23:08:31 Error: border: 2025.10.28.23:08:10 Info:
Error: 2025.10.28.23:08:31 Error: border: ********************************************************************************************************************
Error: 2025.10.28.23:08:31 Error: border:
Error: 2025.10.28.23:08:31 Error: border: Use qsys-generate for a simpler command-line interface for generating IP.
Error: 2025.10.28.23:08:31 Error: border:
Error: 2025.10.28.23:08:31 Error: border: Run ip-generate with switch --remove-qsys-generate-warning to prevent this notice from appearing in subsequent runs.
Error: 2025.10.28.23:08:31 Error: border:
Error: 2025.10.28.23:08:31 Error: border: ********************************************************************************************************************
Warning: 2025.10.28.23:08:31 Error: border: 2025.10.28.23:08:14 Warning: Ignored parameter assignment device=5CSEMA5F31C6
Warning: 2025.10.28.23:08:31 Error: border: 2025.10.28.23:08:14 Warning: Ignored parameter assignment extended_family_support=true
Warning: 2025.10.28.23:08:31 Error: border: 2025.10.28.23:08:20 Warning: hps_sdram: 'Quick' simulation modes are NOT timing accurate. Some simulation memory models may issue warnings or errors
Warning: 2025.10.28.23:08:31 Error: border: 2025.10.28.23:08:20 Warning: hps_sdram.seq: This module has no ports or interfaces
Warning: 2025.10.28.23:08:31 Error: border: 2025.10.28.23:08:20 Warning: hps_sdram.p0: p0.scc must be exported, or connected to a matching conduit.
Warning: 2025.10.28.23:08:31 Error: border: 2025.10.28.23:08:20 Warning: hps_sdram.as: as.afi_init_cal_req must be exported, or connected to a matching conduit.
Warning: 2025.10.28.23:08:31 Error: border: 2025.10.28.23:08:20 Warning: hps_sdram.as: as.tracking must be exported, or connected to a matching conduit.
Warning: 2025.10.28.23:08:31 Error: border: 2025.10.28.23:08:20 Warning: hps_sdram.c0: c0.status must be exported, or connected to a matching conduit.
Warning: 2025.10.28.23:08:31 Error: border: 2025.10.28.23:08:20 Warning: hps_sdram.p0: p0.avl must be connected to an Avalon-MM master
Error: 2025.10.28.23:08:31 Error: border: 2025.10.28.23:08:20 Info: hps_sdram: Generating "hps_sdram" for QUARTUS_SYNTH
Error: 2025.10.28.23:08:31 Error: border: 2025.10.28.23:08:23 Info: pll: "hps_sdram" instantiated altera_mem_if_hps_pll "pll"
Error: 2025.10.28.23:08:31 Error: border: 2025.10.28.23:08:23 Info: p0: Generating clock pair generator
Error: 2025.10.28.23:08:31 Error: border: 2025.10.28.23:08:24 Info: p0: Generating hps_sdram_p0_altdqdqs
Error: 2025.10.28.23:08:31 Error: border: 2025.10.28.23:08:31 Info: p0:
Error: 2025.10.28.23:08:31 Error: border: 2025.10.28.23:08:31 Info: p0: *****************************
Error: 2025.10.28.23:08:31 Error: border: 2025.10.28.23:08:31 Info: p0:
Error: 2025.10.28.23:08:31 Error: border: 2025.10.28.23:08:31 Info: p0: Remember to run the hps_sdram_p0_pin_assignments.tcl
Error: 2025.10.28.23:08:31 Error: border: 2025.10.28.23:08:31 Info: p0: script after running Synthesis and before Fitting.
Error: 2025.10.28.23:08:31 Error: border: 2025.10.28.23:08:31 Info: p0:
Error: 2025.10.28.23:08:31 Error: border: 2025.10.28.23:08:31 Info: p0: *****************************
Error: 2025.10.28.23:08:31 Error: border: 2025.10.28.23:08:31 Info: p0:
Error: 2025.10.28.23:08:31 Error: border: 2025.10.28.23:08:31 Info: p0: "hps_sdram" instantiated altera_mem_if_ddr3_hard_phy_core "p0"
Error: 2025.10.28.23:08:31 Error: border: 2025.10.28.23:08:31 Error: seq: Nios II Command Shell.bat requires Windows Subsystem for Linux (WSL) to run.
Error: 2025.10.28.23:08:31 Error: border: 2025.10.28.23:08:31 Error: seq: Please install WSL and try again.
Error: 2025.10.28.23:08:31 Error: border: 2025.10.28.23:08:31 Error: seq: child process exited abnormally
Error: 2025.10.28.23:08:31 Error: border: 2025.10.28.23:08:31 Error: seq: add_fileset_file: No such file C:/Users/USURIO~2/AppData/Local/Temp/alt0390_4383461638331043852.dir/0004_seq_gen
Error: 2025.10.28.23:08:31 Error: border: while executing
Error: 2025.10.28.23:08:31 Error: border: "add_fileset_file $file_name [::alt_mem_if::util::hwtcl_utils::get_file_type $file_name 0] PATH $file_pathname"
Error: 2025.10.28.23:08:31 Error: border: ("foreach" body line 4)
Error: 2025.10.28.23:08:31 Error: border: invoked from within
Error: 2025.10.28.23:08:31 Error: border: "foreach file_pathname $return_files_sw {
Error: 2025.10.28.23:08:31 Error: border:         _dprint 1 "Preparing to add $file_pathname"
Error: 2025.10.28.23:08:31 Error: border:         set file_name [file tail $file_pathname]
Error: 2025.10.28.23:08:31 Error: border:         add_fileset_file $..."
Error: 2025.10.28.23:08:31 Error: border: (procedure "generate_sw" line 18)
Error: 2025.10.28.23:08:31 Error: border: invoked from within
Error: 2025.10.28.23:08:31 Error: border: "generate_sw $name $fileset"
Error: 2025.10.28.23:08:31 Error: border: ("if" then script line 4)
Error: 2025.10.28.23:08:31 Error: border: invoked from within
Error: 2025.10.28.23:08:31 Error: border: "if {[string compare -nocase $fileset QUARTUS_SYNTH] == 0} {
Error: 2025.10.28.23:08:31 Error: border:         set top_level_file "altera_mem_if_hhp_qseq_synth_top.v"
Error: 2025.10.28.23:08:31 Error: border:         add_fileset_file $top_level_fi..."
Error: 2025.10.28.23:08:31 Error: border: (procedure "generate_files" line 4)
Error: 2025.10.28.23:08:31 Error: border: invoked from within
Error: 2025.10.28.23:08:31 Error: border: "generate_files $name QUARTUS_SYNTH"
Error: 2025.10.28.23:08:31 Error: border: (procedure "generate_synth" line 3)
Error: 2025.10.28.23:08:31 Error: border: invoked from within
Error: 2025.10.28.23:08:31 Error: border: "generate_synth altera_mem_if_hhp_qseq_synth_top"
Error: 2025.10.28.23:08:31 Error: border: 2025.10.28.23:08:31 Info: seq: "hps_sdram" instantiated altera_mem_if_hhp_ddr3_qseq "seq"
Error: 2025.10.28.23:08:31 Error: border: 2025.10.28.23:08:31 Error: Generation stopped, 3 or more modules remaining
Error: 2025.10.28.23:08:31 Error: border: 2025.10.28.23:08:31 Info: hps_sdram: Done "hps_sdram" with 7 modules, 33 files
Info: 2025.10.28.23:08:32 Info: border: "hps_io" instantiated altera_interface_generator "border"
Error: 2025.10.28.23:08:32 Error: Generation stopped, 2 or more modules remaining
Info: 2025.10.28.23:08:32 Info: soc_system: Done "soc_system" with 60 modules, 121 files
Error: 2025.10.28.23:08:33 Error: qsys-generate failed with exit code 1: 70 Errors, 12 Warnings
Info: 2025.10.28.23:08:33 Info: Finished: Create HDL design files for synthesis
Info (11904): Restoring file "soc_system.BAK.qsys" to "soc_system.qsys"
Error (14923): Error upgrading Platform Designer file "soc_system.qsys"
Info (11131): Completed upgrading IP component In-System Sources and Probes with file "ip/altsource_probe/hps_reset.v"
Error (11890): Unable to automatically upgrade Platform Designer component. Please manually upgrade "soc_system.qsys" in Platform Designer
Error (23031): Evaluation of Tcl script c:/intelfpga_lite/24.1std/quartus/common/tcl/internal/ip_regen/ip_regen.tcl unsuccessful
Error: Quartus Prime Shell was unsuccessful. 65 errors, 37 warnings
    Error: Peak virtual memory: 4888 megabytes
    Error: Processing ended: Tue Oct 28 23:08:49 2025
    Error: Elapsed time: 00:03:46
    Error: Total CPU time (on all processors): 00:04:44


