Analysis & Synthesis report for soc_system
Tue Oct 28 23:31:32 2025
Quartus Prime Version 24.1std.0 Build 1077 03/04/2025 SC Lite Edition


---------------------
; Table of Contents ;
---------------------
  1. Legal Notice
  2. Analysis & Synthesis Summary
  3. Analysis & Synthesis Settings
  4. Parallel Compilation
  5. Analysis & Synthesis Messages
  6. Analysis & Synthesis Suppressed Messages



----------------
; Legal Notice ;
----------------
Copyright (C) 2025  Altera Corporation. All rights reserved.
Your use of Altera Corporation's design tools, logic functions 
and other software and tools, and any partner logic 
functions, and any output files from any of the foregoing 
(including device programming or simulation files), and any 
associated documentation or information are expressly subject 
to the terms and conditions of the Altera Program License 
Subscription Agreement, the Altera Quartus Prime License Agreement,
the Altera IP License Agreement, or other applicable license
agreement, including, without limitation, that your use is for
the sole purpose of programming logic devices manufactured by
Altera and sold by Altera or its authorized distributors.  Please
refer to the Altera Software License Subscription Agreements 
on the Quartus Prime software download page.



+-------------------------------------------------------------------------------+
; Analysis & Synthesis Summary                                                  ;
+-----------------------------+-------------------------------------------------+
; Analysis & Synthesis Status ; Failed - Tue Oct 28 23:31:32 2025               ;
; Quartus Prime Version       ; 24.1std.0 Build 1077 03/04/2025 SC Lite Edition ;
; Revision Name               ; soc_system                                      ;
; Top-level Entity Name       ; main                                            ;
; Family                      ; Cyclone V                                       ;
; Logic utilization (in ALMs) ; N/A until Partition Merge                       ;
; Total registers             ; N/A until Partition Merge                       ;
; Total pins                  ; N/A until Partition Merge                       ;
; Total virtual pins          ; N/A until Partition Merge                       ;
; Total block memory bits     ; N/A until Partition Merge                       ;
; Total PLLs                  ; N/A until Partition Merge                       ;
; Total DLLs                  ; N/A until Partition Merge                       ;
+-----------------------------+-------------------------------------------------+


+---------------------------------------------------------------------------------------------------------------------------+
; Analysis & Synthesis Settings                                                                                             ;
+---------------------------------------------------------------------------------+--------------------+--------------------+
; Option                                                                          ; Setting            ; Default Value      ;
+---------------------------------------------------------------------------------+--------------------+--------------------+
; Device                                                                          ; 5CSEMA5F31C6       ;                    ;
; Top-level entity name                                                           ; main               ; soc_system         ;
; Family name                                                                     ; Cyclone V          ; Cyclone V          ;
; Use smart compilation                                                           ; Off                ; Off                ;
; Enable parallel Assembler and Timing Analyzer during compilation                ; On                 ; On                 ;
; Enable compact report table                                                     ; Off                ; Off                ;
; Restructure Multiplexers                                                        ; Auto               ; Auto               ;
; MLAB Add Timing Constraints For Mixed-Port Feed-Through Mode Setting Don't Care ; Off                ; Off                ;
; Create Debugging Nodes for IP Cores                                             ; Off                ; Off                ;
; Preserve fewer node names                                                       ; On                 ; On                 ;
; Intel FPGA IP Evaluation Mode                                                   ; Enable             ; Enable             ;
; Verilog Version                                                                 ; Verilog_2001       ; Verilog_2001       ;
; VHDL Version                                                                    ; VHDL_1993          ; VHDL_1993          ;
; State Machine Processing                                                        ; Auto               ; Auto               ;
; Safe State Machine                                                              ; Off                ; Off                ;
; Extract Verilog State Machines                                                  ; On                 ; On                 ;
; Extract VHDL State Machines                                                     ; On                 ; On                 ;
; Ignore Verilog initial constructs                                               ; Off                ; Off                ;
; Iteration limit for constant Verilog loops                                      ; 5000               ; 5000               ;
; Iteration limit for non-constant Verilog loops                                  ; 250                ; 250                ;
; Add Pass-Through Logic to Inferred RAMs                                         ; On                 ; On                 ;
; Infer RAMs from Raw Logic                                                       ; On                 ; On                 ;
; Parallel Synthesis                                                              ; On                 ; On                 ;
; DSP Block Balancing                                                             ; Auto               ; Auto               ;
; NOT Gate Push-Back                                                              ; On                 ; On                 ;
; Power-Up Don't Care                                                             ; On                 ; On                 ;
; Remove Redundant Logic Cells                                                    ; Off                ; Off                ;
; Remove Duplicate Registers                                                      ; On                 ; On                 ;
; Ignore CARRY Buffers                                                            ; Off                ; Off                ;
; Ignore CASCADE Buffers                                                          ; Off                ; Off                ;
; Ignore GLOBAL Buffers                                                           ; Off                ; Off                ;
; Ignore ROW GLOBAL Buffers                                                       ; Off                ; Off                ;
; Ignore LCELL Buffers                                                            ; Off                ; Off                ;
; Ignore SOFT Buffers                                                             ; On                 ; On                 ;
; Limit AHDL Integers to 32 Bits                                                  ; Off                ; Off                ;
; Optimization Technique                                                          ; Balanced           ; Balanced           ;
; Carry Chain Length                                                              ; 70                 ; 70                 ;
; Auto Carry Chains                                                               ; On                 ; On                 ;
; Auto Open-Drain Pins                                                            ; On                 ; On                 ;
; Perform WYSIWYG Primitive Resynthesis                                           ; Off                ; Off                ;
; Auto ROM Replacement                                                            ; On                 ; On                 ;
; Auto RAM Replacement                                                            ; On                 ; On                 ;
; Auto DSP Block Replacement                                                      ; On                 ; On                 ;
; Auto Shift Register Replacement                                                 ; Auto               ; Auto               ;
; Allow Shift Register Merging across Hierarchies                                 ; Auto               ; Auto               ;
; Auto Clock Enable Replacement                                                   ; On                 ; On                 ;
; Strict RAM Replacement                                                          ; Off                ; Off                ;
; Allow Synchronous Control Signals                                               ; On                 ; On                 ;
; Force Use of Synchronous Clear Signals                                          ; Off                ; Off                ;
; Auto Resource Sharing                                                           ; Off                ; Off                ;
; Allow Any RAM Size For Recognition                                              ; Off                ; Off                ;
; Allow Any ROM Size For Recognition                                              ; Off                ; Off                ;
; Allow Any Shift Register Size For Recognition                                   ; Off                ; Off                ;
; Use LogicLock Constraints during Resource Balancing                             ; On                 ; On                 ;
; Ignore translate_off and synthesis_off directives                               ; Off                ; Off                ;
; Timing-Driven Synthesis                                                         ; On                 ; On                 ;
; Report Parameter Settings                                                       ; On                 ; On                 ;
; Report Source Assignments                                                       ; On                 ; On                 ;
; Report Connectivity Checks                                                      ; On                 ; On                 ;
; Ignore Maximum Fan-Out Assignments                                              ; Off                ; Off                ;
; Synchronization Register Chain Length                                           ; 3                  ; 3                  ;
; Power Optimization During Synthesis                                             ; Normal compilation ; Normal compilation ;
; HDL message level                                                               ; Level2             ; Level2             ;
; Suppress Register Optimization Related Messages                                 ; Off                ; Off                ;
; Number of Removed Registers Reported in Synthesis Report                        ; 5000               ; 5000               ;
; Number of Swept Nodes Reported in Synthesis Report                              ; 5000               ; 5000               ;
; Number of Inverted Registers Reported in Synthesis Report                       ; 100                ; 100                ;
; Clock MUX Protection                                                            ; On                 ; On                 ;
; Auto Gated Clock Conversion                                                     ; Off                ; Off                ;
; Block Design Naming                                                             ; Auto               ; Auto               ;
; SDC constraint protection                                                       ; Off                ; Off                ;
; Synthesis Effort                                                                ; Auto               ; Auto               ;
; Shift Register Replacement - Allow Asynchronous Clear Signal                    ; On                 ; On                 ;
; Pre-Mapping Resynthesis Optimization                                            ; Off                ; Off                ;
; Analysis & Synthesis Message Level                                              ; Medium             ; Medium             ;
; Disable Register Merging Across Hierarchies                                     ; Auto               ; Auto               ;
; Resource Aware Inference For Block RAM                                          ; On                 ; On                 ;
; Automatic Parallel Synthesis                                                    ; On                 ; On                 ;
; Partial Reconfiguration Bitstream ID                                            ; Off                ; Off                ;
+---------------------------------------------------------------------------------+--------------------+--------------------+


+------------------------------------------+
; Parallel Compilation                     ;
+----------------------------+-------------+
; Processors                 ; Number      ;
+----------------------------+-------------+
; Number detected on machine ; 4           ;
; Maximum allowed            ; 4           ;
;                            ;             ;
; Average used               ; 1.00        ;
; Maximum used               ; 1           ;
;                            ;             ;
; Usage by Processor         ; % Time Used ;
;     Processor 1            ; 100.0%      ;
+----------------------------+-------------+


+-------------------------------+
; Analysis & Synthesis Messages ;
+-------------------------------+
Info: *******************************************************************
Info: Running Quartus Prime Analysis & Synthesis
    Info: Version 24.1std.0 Build 1077 03/04/2025 SC Lite Edition
    Info: Processing started: Tue Oct 28 23:31:19 2025
Info: Command: quartus_map --read_settings_files=on --write_settings_files=off soc_system -c soc_system
Warning (18236): Number of processors has not been specified which may cause overloading on shared machines.  Set the global assignment NUM_PARALLEL_PROCESSORS in your QSF to an appropriate value for best performance.
Info (20030): Parallel compilation is enabled and will use 4 of the 4 processors detected
Info (12021): Found 1 design units, including 1 entities, in source file project_files/zoom_out_decimation.v
    Info (12023): Found entity 1: zoom_out_decimation File: C:/Users/Usuário/Desktop/Rafael/Uefs/Sistemas Digitais/quartus/Sistemas-Digitais/my_first_hps-fpga_base/project_files/zoom_out_decimation.v Line: 3
Info (12021): Found 1 design units, including 1 entities, in source file project_files/zoom_out_block_average.v
    Info (12023): Found entity 1: zoom_out_block_average File: C:/Users/Usuário/Desktop/Rafael/Uefs/Sistemas Digitais/quartus/Sistemas-Digitais/my_first_hps-fpga_base/project_files/zoom_out_block_average.v Line: 3
Info (12021): Found 1 design units, including 1 entities, in source file project_files/zoom_in_replication.v
    Info (12023): Found entity 1: zoom_in_replication File: C:/Users/Usuário/Desktop/Rafael/Uefs/Sistemas Digitais/quartus/Sistemas-Digitais/my_first_hps-fpga_base/project_files/zoom_in_replication.v Line: 3
Info (12021): Found 1 design units, including 1 entities, in source file project_files/zoom_in_nearest_neighbor.v
    Info (12023): Found entity 1: zoom_in_nearest_neighbor File: C:/Users/Usuário/Desktop/Rafael/Uefs/Sistemas Digitais/quartus/Sistemas-Digitais/my_first_hps-fpga_base/project_files/zoom_in_nearest_neighbor.v Line: 3
Info (12021): Found 1 design units, including 1 entities, in source file project_files/video_controller.v
    Info (12023): Found entity 1: video_controller File: C:/Users/Usuário/Desktop/Rafael/Uefs/Sistemas Digitais/quartus/Sistemas-Digitais/my_first_hps-fpga_base/project_files/video_controller.v Line: 1
Info (12021): Found 1 design units, including 1 entities, in source file project_files/vga_module.v
    Info (12023): Found entity 1: vga_module File: C:/Users/Usuário/Desktop/Rafael/Uefs/Sistemas Digitais/quartus/Sistemas-Digitais/my_first_hps-fpga_base/project_files/vga_module.v Line: 1
Info (12021): Found 1 design units, including 1 entities, in source file project_files/sync_reset_button.v
    Info (12023): Found entity 1: sync_reset_button File: C:/Users/Usuário/Desktop/Rafael/Uefs/Sistemas Digitais/quartus/Sistemas-Digitais/my_first_hps-fpga_base/project_files/sync_reset_button.v Line: 1
Info (12021): Found 1 design units, including 1 entities, in source file project_files/processing_unit.v
    Info (12023): Found entity 1: processing_unit File: C:/Users/Usuário/Desktop/Rafael/Uefs/Sistemas Digitais/quartus/Sistemas-Digitais/my_first_hps-fpga_base/project_files/processing_unit.v Line: 1
Info (12021): Found 1 design units, including 1 entities, in source file project_files/original.v
    Info (12023): Found entity 1: original File: C:/Users/Usuário/Desktop/Rafael/Uefs/Sistemas Digitais/quartus/Sistemas-Digitais/my_first_hps-fpga_base/project_files/original.v Line: 4
Info (12021): Found 1 design units, including 1 entities, in source file project_files/memory_module.v
    Info (12023): Found entity 1: memory_module File: C:/Users/Usuário/Desktop/Rafael/Uefs/Sistemas Digitais/quartus/Sistemas-Digitais/my_first_hps-fpga_base/project_files/memory_module.v Line: 6
Info (12021): Found 1 design units, including 1 entities, in source file project_files/main.v
    Info (12023): Found entity 1: main File: C:/Users/Usuário/Desktop/Rafael/Uefs/Sistemas Digitais/quartus/Sistemas-Digitais/my_first_hps-fpga_base/project_files/main.v Line: 1
Info (12021): Found 1 design units, including 1 entities, in source file project_files/control_unit.v
    Info (12023): Found entity 1: control_unit File: C:/Users/Usuário/Desktop/Rafael/Uefs/Sistemas Digitais/quartus/Sistemas-Digitais/my_first_hps-fpga_base/project_files/control_unit.v Line: 1
Info (12021): Found 1 design units, including 1 entities, in source file project_files/clock_divider.v
    Info (12023): Found entity 1: clock_divider File: C:/Users/Usuário/Desktop/Rafael/Uefs/Sistemas Digitais/quartus/Sistemas-Digitais/my_first_hps-fpga_base/project_files/clock_divider.v Line: 1
Info (12021): Found 1 design units, including 1 entities, in source file ip/altsource_probe/hps_reset.v
    Info (12023): Found entity 1: hps_reset File: C:/Users/Usuário/Desktop/Rafael/Uefs/Sistemas Digitais/quartus/Sistemas-Digitais/my_first_hps-fpga_base/ip/altsource_probe/hps_reset.v Line: 40
Info (12021): Found 1 design units, including 1 entities, in source file ip/debounce/debounce.v
    Info (12023): Found entity 1: debounce File: C:/Users/Usuário/Desktop/Rafael/Uefs/Sistemas Digitais/quartus/Sistemas-Digitais/my_first_hps-fpga_base/ip/debounce/debounce.v Line: 13
Info (12021): Found 1 design units, including 1 entities, in source file ip/edge_detect/altera_edge_detector.v
    Info (12023): Found entity 1: altera_edge_detector File: C:/Users/Usuário/Desktop/Rafael/Uefs/Sistemas Digitais/quartus/Sistemas-Digitais/my_first_hps-fpga_base/ip/edge_detect/altera_edge_detector.v Line: 1
Info (12021): Found 1 design units, including 1 entities, in source file soc_system/synthesis/soc_system.v
    Info (12023): Found entity 1: soc_system File: C:/Users/Usuário/Desktop/Rafael/Uefs/Sistemas Digitais/quartus/Sistemas-Digitais/my_first_hps-fpga_base/soc_system/synthesis/soc_system.v Line: 6
Info (12021): Found 1 design units, including 1 entities, in source file soc_system/synthesis/submodules/altera_reset_controller.v
    Info (12023): Found entity 1: altera_reset_controller File: C:/Users/Usuário/Desktop/Rafael/Uefs/Sistemas Digitais/quartus/Sistemas-Digitais/my_first_hps-fpga_base/soc_system/synthesis/submodules/altera_reset_controller.v Line: 42
Info (12021): Found 1 design units, including 1 entities, in source file soc_system/synthesis/submodules/altera_reset_synchronizer.v
    Info (12023): Found entity 1: altera_reset_synchronizer File: C:/Users/Usuário/Desktop/Rafael/Uefs/Sistemas Digitais/quartus/Sistemas-Digitais/my_first_hps-fpga_base/soc_system/synthesis/submodules/altera_reset_synchronizer.v Line: 24
Info (12021): Found 1 design units, including 1 entities, in source file soc_system/synthesis/submodules/soc_system_irq_mapper_001.sv
    Info (12023): Found entity 1: soc_system_irq_mapper_001 File: C:/Users/Usuário/Desktop/Rafael/Uefs/Sistemas Digitais/quartus/Sistemas-Digitais/my_first_hps-fpga_base/soc_system/synthesis/submodules/soc_system_irq_mapper_001.sv Line: 31
Info (12021): Found 1 design units, including 1 entities, in source file soc_system/synthesis/submodules/soc_system_irq_mapper.sv
    Info (12023): Found entity 1: soc_system_irq_mapper File: C:/Users/Usuário/Desktop/Rafael/Uefs/Sistemas Digitais/quartus/Sistemas-Digitais/my_first_hps-fpga_base/soc_system/synthesis/submodules/soc_system_irq_mapper.sv Line: 31
Info (12021): Found 1 design units, including 1 entities, in source file soc_system/synthesis/submodules/soc_system_mm_interconnect_1.v
    Info (12023): Found entity 1: soc_system_mm_interconnect_1 File: C:/Users/Usuário/Desktop/Rafael/Uefs/Sistemas Digitais/quartus/Sistemas-Digitais/my_first_hps-fpga_base/soc_system/synthesis/submodules/soc_system_mm_interconnect_1.v Line: 9
Info (12021): Found 1 design units, including 1 entities, in source file soc_system/synthesis/submodules/altera_merlin_width_adapter.sv
    Info (12023): Found entity 1: altera_merlin_width_adapter File: C:/Users/Usuário/Desktop/Rafael/Uefs/Sistemas Digitais/quartus/Sistemas-Digitais/my_first_hps-fpga_base/soc_system/synthesis/submodules/altera_merlin_width_adapter.sv Line: 25
Info (12021): Found 1 design units, including 1 entities, in source file soc_system/synthesis/submodules/altera_merlin_address_alignment.sv
    Info (12023): Found entity 1: altera_merlin_address_alignment File: C:/Users/Usuário/Desktop/Rafael/Uefs/Sistemas Digitais/quartus/Sistemas-Digitais/my_first_hps-fpga_base/soc_system/synthesis/submodules/altera_merlin_address_alignment.sv Line: 26
Info (12021): Found 1 design units, including 1 entities, in source file soc_system/synthesis/submodules/altera_merlin_burst_uncompressor.sv
    Info (12023): Found entity 1: altera_merlin_burst_uncompressor File: C:/Users/Usuário/Desktop/Rafael/Uefs/Sistemas Digitais/quartus/Sistemas-Digitais/my_first_hps-fpga_base/soc_system/synthesis/submodules/altera_merlin_burst_uncompressor.sv Line: 40
Info (12021): Found 1 design units, including 1 entities, in source file soc_system/synthesis/submodules/soc_system_mm_interconnect_1_rsp_mux.sv
    Info (12023): Found entity 1: soc_system_mm_interconnect_1_rsp_mux File: C:/Users/Usuário/Desktop/Rafael/Uefs/Sistemas Digitais/quartus/Sistemas-Digitais/my_first_hps-fpga_base/soc_system/synthesis/submodules/soc_system_mm_interconnect_1_rsp_mux.sv Line: 51
Info (12021): Found 2 design units, including 2 entities, in source file soc_system/synthesis/submodules/altera_merlin_arbitrator.sv
    Info (12023): Found entity 1: altera_merlin_arbitrator File: C:/Users/Usuário/Desktop/Rafael/Uefs/Sistemas Digitais/quartus/Sistemas-Digitais/my_first_hps-fpga_base/soc_system/synthesis/submodules/altera_merlin_arbitrator.sv Line: 103
    Info (12023): Found entity 2: altera_merlin_arb_adder File: C:/Users/Usuário/Desktop/Rafael/Uefs/Sistemas Digitais/quartus/Sistemas-Digitais/my_first_hps-fpga_base/soc_system/synthesis/submodules/altera_merlin_arbitrator.sv Line: 228
Info (12021): Found 1 design units, including 1 entities, in source file soc_system/synthesis/submodules/soc_system_mm_interconnect_1_rsp_demux.sv
    Info (12023): Found entity 1: soc_system_mm_interconnect_1_rsp_demux File: C:/Users/Usuário/Desktop/Rafael/Uefs/Sistemas Digitais/quartus/Sistemas-Digitais/my_first_hps-fpga_base/soc_system/synthesis/submodules/soc_system_mm_interconnect_1_rsp_demux.sv Line: 43
Info (12021): Found 1 design units, including 1 entities, in source file soc_system/synthesis/submodules/soc_system_mm_interconnect_1_cmd_mux.sv
    Info (12023): Found entity 1: soc_system_mm_interconnect_1_cmd_mux File: C:/Users/Usuário/Desktop/Rafael/Uefs/Sistemas Digitais/quartus/Sistemas-Digitais/my_first_hps-fpga_base/soc_system/synthesis/submodules/soc_system_mm_interconnect_1_cmd_mux.sv Line: 51
Info (12021): Found 1 design units, including 1 entities, in source file soc_system/synthesis/submodules/soc_system_mm_interconnect_1_cmd_demux.sv
    Info (12023): Found entity 1: soc_system_mm_interconnect_1_cmd_demux File: C:/Users/Usuário/Desktop/Rafael/Uefs/Sistemas Digitais/quartus/Sistemas-Digitais/my_first_hps-fpga_base/soc_system/synthesis/submodules/soc_system_mm_interconnect_1_cmd_demux.sv Line: 43
Info (12021): Found 1 design units, including 1 entities, in source file soc_system/synthesis/submodules/altera_merlin_traffic_limiter.sv
    Info (12023): Found entity 1: altera_merlin_traffic_limiter File: C:/Users/Usuário/Desktop/Rafael/Uefs/Sistemas Digitais/quartus/Sistemas-Digitais/my_first_hps-fpga_base/soc_system/synthesis/submodules/altera_merlin_traffic_limiter.sv Line: 49
Info (12021): Found 2 design units, including 2 entities, in source file soc_system/synthesis/submodules/altera_merlin_reorder_memory.sv
    Info (12023): Found entity 1: altera_merlin_reorder_memory File: C:/Users/Usuário/Desktop/Rafael/Uefs/Sistemas Digitais/quartus/Sistemas-Digitais/my_first_hps-fpga_base/soc_system/synthesis/submodules/altera_merlin_reorder_memory.sv Line: 28
    Info (12023): Found entity 2: memory_pointer_controller File: C:/Users/Usuário/Desktop/Rafael/Uefs/Sistemas Digitais/quartus/Sistemas-Digitais/my_first_hps-fpga_base/soc_system/synthesis/submodules/altera_merlin_reorder_memory.sv Line: 185
Info (12021): Found 1 design units, including 1 entities, in source file soc_system/synthesis/submodules/altera_avalon_sc_fifo.v
    Info (12023): Found entity 1: altera_avalon_sc_fifo File: C:/Users/Usuário/Desktop/Rafael/Uefs/Sistemas Digitais/quartus/Sistemas-Digitais/my_first_hps-fpga_base/soc_system/synthesis/submodules/altera_avalon_sc_fifo.v Line: 21
Info (12021): Found 1 design units, including 1 entities, in source file soc_system/synthesis/submodules/altera_avalon_st_pipeline_base.v
    Info (12023): Found entity 1: altera_avalon_st_pipeline_base File: C:/Users/Usuário/Desktop/Rafael/Uefs/Sistemas Digitais/quartus/Sistemas-Digitais/my_first_hps-fpga_base/soc_system/synthesis/submodules/altera_avalon_st_pipeline_base.v Line: 22
Info (12021): Found 2 design units, including 2 entities, in source file soc_system/synthesis/submodules/soc_system_mm_interconnect_1_router_001.sv
    Info (12023): Found entity 1: soc_system_mm_interconnect_1_router_001_default_decode File: C:/Users/Usuário/Desktop/Rafael/Uefs/Sistemas Digitais/quartus/Sistemas-Digitais/my_first_hps-fpga_base/soc_system/synthesis/submodules/soc_system_mm_interconnect_1_router_001.sv Line: 45
    Info (12023): Found entity 2: soc_system_mm_interconnect_1_router_001 File: C:/Users/Usuário/Desktop/Rafael/Uefs/Sistemas Digitais/quartus/Sistemas-Digitais/my_first_hps-fpga_base/soc_system/synthesis/submodules/soc_system_mm_interconnect_1_router_001.sv Line: 84
Info (12021): Found 2 design units, including 2 entities, in source file soc_system/synthesis/submodules/soc_system_mm_interconnect_1_router.sv
    Info (12023): Found entity 1: soc_system_mm_interconnect_1_router_default_decode File: C:/Users/Usuário/Desktop/Rafael/Uefs/Sistemas Digitais/quartus/Sistemas-Digitais/my_first_hps-fpga_base/soc_system/synthesis/submodules/soc_system_mm_interconnect_1_router.sv Line: 45
    Info (12023): Found entity 2: soc_system_mm_interconnect_1_router File: C:/Users/Usuário/Desktop/Rafael/Uefs/Sistemas Digitais/quartus/Sistemas-Digitais/my_first_hps-fpga_base/soc_system/synthesis/submodules/soc_system_mm_interconnect_1_router.sv Line: 84
Info (12021): Found 1 design units, including 1 entities, in source file soc_system/synthesis/submodules/altera_merlin_axi_slave_ni.sv
    Info (12023): Found entity 1: altera_merlin_axi_slave_ni File: C:/Users/Usuário/Desktop/Rafael/Uefs/Sistemas Digitais/quartus/Sistemas-Digitais/my_first_hps-fpga_base/soc_system/synthesis/submodules/altera_merlin_axi_slave_ni.sv Line: 22
Info (12021): Found 1 design units, including 1 entities, in source file soc_system/synthesis/submodules/altera_merlin_master_agent.sv
    Info (12023): Found entity 1: altera_merlin_master_agent File: C:/Users/Usuário/Desktop/Rafael/Uefs/Sistemas Digitais/quartus/Sistemas-Digitais/my_first_hps-fpga_base/soc_system/synthesis/submodules/altera_merlin_master_agent.sv Line: 28
Info (12021): Found 1 design units, including 1 entities, in source file soc_system/synthesis/submodules/altera_merlin_master_translator.sv
    Info (12023): Found entity 1: altera_merlin_master_translator File: C:/Users/Usuário/Desktop/Rafael/Uefs/Sistemas Digitais/quartus/Sistemas-Digitais/my_first_hps-fpga_base/soc_system/synthesis/submodules/altera_merlin_master_translator.sv Line: 32
Info (12021): Found 1 design units, including 1 entities, in source file soc_system/synthesis/submodules/soc_system_mm_interconnect_0.v
    Info (12023): Found entity 1: soc_system_mm_interconnect_0 File: C:/Users/Usuário/Desktop/Rafael/Uefs/Sistemas Digitais/quartus/Sistemas-Digitais/my_first_hps-fpga_base/soc_system/synthesis/submodules/soc_system_mm_interconnect_0.v Line: 9
Info (12021): Found 1 design units, including 1 entities, in source file soc_system/synthesis/submodules/soc_system_mm_interconnect_0_avalon_st_adapter_001.v
    Info (12023): Found entity 1: soc_system_mm_interconnect_0_avalon_st_adapter_001 File: C:/Users/Usuário/Desktop/Rafael/Uefs/Sistemas Digitais/quartus/Sistemas-Digitais/my_first_hps-fpga_base/soc_system/synthesis/submodules/soc_system_mm_interconnect_0_avalon_st_adapter_001.v Line: 9
Info (12021): Found 1 design units, including 1 entities, in source file soc_system/synthesis/submodules/soc_system_mm_interconnect_0_avalon_st_adapter.v
    Info (12023): Found entity 1: soc_system_mm_interconnect_0_avalon_st_adapter File: C:/Users/Usuário/Desktop/Rafael/Uefs/Sistemas Digitais/quartus/Sistemas-Digitais/my_first_hps-fpga_base/soc_system/synthesis/submodules/soc_system_mm_interconnect_0_avalon_st_adapter.v Line: 9
Info (12021): Found 1 design units, including 1 entities, in source file soc_system/synthesis/submodules/soc_system_mm_interconnect_0_rsp_mux_003.sv
    Info (12023): Found entity 1: soc_system_mm_interconnect_0_rsp_mux_003 File: C:/Users/Usuário/Desktop/Rafael/Uefs/Sistemas Digitais/quartus/Sistemas-Digitais/my_first_hps-fpga_base/soc_system/synthesis/submodules/soc_system_mm_interconnect_0_rsp_mux_003.sv Line: 51
Info (12021): Found 1 design units, including 1 entities, in source file soc_system/synthesis/submodules/soc_system_mm_interconnect_0_rsp_mux_002.sv
    Info (12023): Found entity 1: soc_system_mm_interconnect_0_rsp_mux_002 File: C:/Users/Usuário/Desktop/Rafael/Uefs/Sistemas Digitais/quartus/Sistemas-Digitais/my_first_hps-fpga_base/soc_system/synthesis/submodules/soc_system_mm_interconnect_0_rsp_mux_002.sv Line: 51
Info (12021): Found 1 design units, including 1 entities, in source file soc_system/synthesis/submodules/soc_system_mm_interconnect_0_rsp_mux.sv
    Info (12023): Found entity 1: soc_system_mm_interconnect_0_rsp_mux File: C:/Users/Usuário/Desktop/Rafael/Uefs/Sistemas Digitais/quartus/Sistemas-Digitais/my_first_hps-fpga_base/soc_system/synthesis/submodules/soc_system_mm_interconnect_0_rsp_mux.sv Line: 51
Info (12021): Found 1 design units, including 1 entities, in source file soc_system/synthesis/submodules/soc_system_mm_interconnect_0_rsp_demux_002.sv
    Info (12023): Found entity 1: soc_system_mm_interconnect_0_rsp_demux_002 File: C:/Users/Usuário/Desktop/Rafael/Uefs/Sistemas Digitais/quartus/Sistemas-Digitais/my_first_hps-fpga_base/soc_system/synthesis/submodules/soc_system_mm_interconnect_0_rsp_demux_002.sv Line: 43
Info (12021): Found 1 design units, including 1 entities, in source file soc_system/synthesis/submodules/soc_system_mm_interconnect_0_rsp_demux_001.sv
    Info (12023): Found entity 1: soc_system_mm_interconnect_0_rsp_demux_001 File: C:/Users/Usuário/Desktop/Rafael/Uefs/Sistemas Digitais/quartus/Sistemas-Digitais/my_first_hps-fpga_base/soc_system/synthesis/submodules/soc_system_mm_interconnect_0_rsp_demux_001.sv Line: 43
Info (12021): Found 1 design units, including 1 entities, in source file soc_system/synthesis/submodules/soc_system_mm_interconnect_0_rsp_demux.sv
    Info (12023): Found entity 1: soc_system_mm_interconnect_0_rsp_demux File: C:/Users/Usuário/Desktop/Rafael/Uefs/Sistemas Digitais/quartus/Sistemas-Digitais/my_first_hps-fpga_base/soc_system/synthesis/submodules/soc_system_mm_interconnect_0_rsp_demux.sv Line: 43
Info (12021): Found 1 design units, including 1 entities, in source file soc_system/synthesis/submodules/soc_system_mm_interconnect_0_cmd_mux_002.sv
    Info (12023): Found entity 1: soc_system_mm_interconnect_0_cmd_mux_002 File: C:/Users/Usuário/Desktop/Rafael/Uefs/Sistemas Digitais/quartus/Sistemas-Digitais/my_first_hps-fpga_base/soc_system/synthesis/submodules/soc_system_mm_interconnect_0_cmd_mux_002.sv Line: 51
Info (12021): Found 1 design units, including 1 entities, in source file soc_system/synthesis/submodules/soc_system_mm_interconnect_0_cmd_mux_001.sv
    Info (12023): Found entity 1: soc_system_mm_interconnect_0_cmd_mux_001 File: C:/Users/Usuário/Desktop/Rafael/Uefs/Sistemas Digitais/quartus/Sistemas-Digitais/my_first_hps-fpga_base/soc_system/synthesis/submodules/soc_system_mm_interconnect_0_cmd_mux_001.sv Line: 51
Info (12021): Found 1 design units, including 1 entities, in source file soc_system/synthesis/submodules/soc_system_mm_interconnect_0_cmd_mux.sv
    Info (12023): Found entity 1: soc_system_mm_interconnect_0_cmd_mux File: C:/Users/Usuário/Desktop/Rafael/Uefs/Sistemas Digitais/quartus/Sistemas-Digitais/my_first_hps-fpga_base/soc_system/synthesis/submodules/soc_system_mm_interconnect_0_cmd_mux.sv Line: 51
Info (12021): Found 1 design units, including 1 entities, in source file soc_system/synthesis/submodules/soc_system_mm_interconnect_0_cmd_demux_003.sv
    Info (12023): Found entity 1: soc_system_mm_interconnect_0_cmd_demux_003 File: C:/Users/Usuário/Desktop/Rafael/Uefs/Sistemas Digitais/quartus/Sistemas-Digitais/my_first_hps-fpga_base/soc_system/synthesis/submodules/soc_system_mm_interconnect_0_cmd_demux_003.sv Line: 43
Info (12021): Found 1 design units, including 1 entities, in source file soc_system/synthesis/submodules/soc_system_mm_interconnect_0_cmd_demux_002.sv
    Info (12023): Found entity 1: soc_system_mm_interconnect_0_cmd_demux_002 File: C:/Users/Usuário/Desktop/Rafael/Uefs/Sistemas Digitais/quartus/Sistemas-Digitais/my_first_hps-fpga_base/soc_system/synthesis/submodules/soc_system_mm_interconnect_0_cmd_demux_002.sv Line: 43
Info (12021): Found 1 design units, including 1 entities, in source file soc_system/synthesis/submodules/soc_system_mm_interconnect_0_cmd_demux.sv
    Info (12023): Found entity 1: soc_system_mm_interconnect_0_cmd_demux File: C:/Users/Usuário/Desktop/Rafael/Uefs/Sistemas Digitais/quartus/Sistemas-Digitais/my_first_hps-fpga_base/soc_system/synthesis/submodules/soc_system_mm_interconnect_0_cmd_demux.sv Line: 43
Info (12021): Found 1 design units, including 1 entities, in source file soc_system/synthesis/submodules/altera_merlin_burst_adapter.sv
    Info (12023): Found entity 1: altera_merlin_burst_adapter File: C:/Users/Usuário/Desktop/Rafael/Uefs/Sistemas Digitais/quartus/Sistemas-Digitais/my_first_hps-fpga_base/soc_system/synthesis/submodules/altera_merlin_burst_adapter.sv Line: 21
Info (12021): Found 1 design units, including 1 entities, in source file soc_system/synthesis/submodules/altera_merlin_burst_adapter_uncmpr.sv
    Info (12023): Found entity 1: altera_merlin_burst_adapter_uncompressed_only File: C:/Users/Usuário/Desktop/Rafael/Uefs/Sistemas Digitais/quartus/Sistemas-Digitais/my_first_hps-fpga_base/soc_system/synthesis/submodules/altera_merlin_burst_adapter_uncmpr.sv Line: 39
Info (12021): Found 5 design units, including 5 entities, in source file soc_system/synthesis/submodules/altera_merlin_burst_adapter_13_1.sv
    Info (12023): Found entity 1: altera_merlin_burst_adapter_burstwrap_increment File: C:/Users/Usuário/Desktop/Rafael/Uefs/Sistemas Digitais/quartus/Sistemas-Digitais/my_first_hps-fpga_base/soc_system/synthesis/submodules/altera_merlin_burst_adapter_13_1.sv Line: 40
    Info (12023): Found entity 2: altera_merlin_burst_adapter_adder File: C:/Users/Usuário/Desktop/Rafael/Uefs/Sistemas Digitais/quartus/Sistemas-Digitais/my_first_hps-fpga_base/soc_system/synthesis/submodules/altera_merlin_burst_adapter_13_1.sv Line: 55
    Info (12023): Found entity 3: altera_merlin_burst_adapter_subtractor File: C:/Users/Usuário/Desktop/Rafael/Uefs/Sistemas Digitais/quartus/Sistemas-Digitais/my_first_hps-fpga_base/soc_system/synthesis/submodules/altera_merlin_burst_adapter_13_1.sv Line: 77
    Info (12023): Found entity 4: altera_merlin_burst_adapter_min File: C:/Users/Usuário/Desktop/Rafael/Uefs/Sistemas Digitais/quartus/Sistemas-Digitais/my_first_hps-fpga_base/soc_system/synthesis/submodules/altera_merlin_burst_adapter_13_1.sv Line: 98
    Info (12023): Found entity 5: altera_merlin_burst_adapter_13_1 File: C:/Users/Usuário/Desktop/Rafael/Uefs/Sistemas Digitais/quartus/Sistemas-Digitais/my_first_hps-fpga_base/soc_system/synthesis/submodules/altera_merlin_burst_adapter_13_1.sv Line: 264
Info (12021): Found 1 design units, including 1 entities, in source file soc_system/synthesis/submodules/altera_merlin_burst_adapter_new.sv
    Info (12023): Found entity 1: altera_merlin_burst_adapter_new File: C:/Users/Usuário/Desktop/Rafael/Uefs/Sistemas Digitais/quartus/Sistemas-Digitais/my_first_hps-fpga_base/soc_system/synthesis/submodules/altera_merlin_burst_adapter_new.sv Line: 25
Info (12021): Found 1 design units, including 1 entities, in source file soc_system/synthesis/submodules/altera_incr_burst_converter.sv
    Info (12023): Found entity 1: altera_incr_burst_converter File: C:/Users/Usuário/Desktop/Rafael/Uefs/Sistemas Digitais/quartus/Sistemas-Digitais/my_first_hps-fpga_base/soc_system/synthesis/submodules/altera_incr_burst_converter.sv Line: 28
Info (12021): Found 1 design units, including 1 entities, in source file soc_system/synthesis/submodules/altera_wrap_burst_converter.sv
    Info (12023): Found entity 1: altera_wrap_burst_converter File: C:/Users/Usuário/Desktop/Rafael/Uefs/Sistemas Digitais/quartus/Sistemas-Digitais/my_first_hps-fpga_base/soc_system/synthesis/submodules/altera_wrap_burst_converter.sv Line: 27
Info (12021): Found 1 design units, including 1 entities, in source file soc_system/synthesis/submodules/altera_default_burst_converter.sv
    Info (12023): Found entity 1: altera_default_burst_converter File: C:/Users/Usuário/Desktop/Rafael/Uefs/Sistemas Digitais/quartus/Sistemas-Digitais/my_first_hps-fpga_base/soc_system/synthesis/submodules/altera_default_burst_converter.sv Line: 30
Info (12021): Found 1 design units, including 1 entities, in source file soc_system/synthesis/submodules/altera_avalon_st_pipeline_stage.sv
    Info (12023): Found entity 1: altera_avalon_st_pipeline_stage File: C:/Users/Usuário/Desktop/Rafael/Uefs/Sistemas Digitais/quartus/Sistemas-Digitais/my_first_hps-fpga_base/soc_system/synthesis/submodules/altera_avalon_st_pipeline_stage.sv Line: 22
Info (12021): Found 2 design units, including 2 entities, in source file soc_system/synthesis/submodules/soc_system_mm_interconnect_0_router_007.sv
    Info (12023): Found entity 1: soc_system_mm_interconnect_0_router_007_default_decode File: C:/Users/Usuário/Desktop/Rafael/Uefs/Sistemas Digitais/quartus/Sistemas-Digitais/my_first_hps-fpga_base/soc_system/synthesis/submodules/soc_system_mm_interconnect_0_router_007.sv Line: 45
    Info (12023): Found entity 2: soc_system_mm_interconnect_0_router_007 File: C:/Users/Usuário/Desktop/Rafael/Uefs/Sistemas Digitais/quartus/Sistemas-Digitais/my_first_hps-fpga_base/soc_system/synthesis/submodules/soc_system_mm_interconnect_0_router_007.sv Line: 84
Info (12021): Found 2 design units, including 2 entities, in source file soc_system/synthesis/submodules/soc_system_mm_interconnect_0_router_006.sv
    Info (12023): Found entity 1: soc_system_mm_interconnect_0_router_006_default_decode File: C:/Users/Usuário/Desktop/Rafael/Uefs/Sistemas Digitais/quartus/Sistemas-Digitais/my_first_hps-fpga_base/soc_system/synthesis/submodules/soc_system_mm_interconnect_0_router_006.sv Line: 45
    Info (12023): Found entity 2: soc_system_mm_interconnect_0_router_006 File: C:/Users/Usuário/Desktop/Rafael/Uefs/Sistemas Digitais/quartus/Sistemas-Digitais/my_first_hps-fpga_base/soc_system/synthesis/submodules/soc_system_mm_interconnect_0_router_006.sv Line: 84
Info (12021): Found 2 design units, including 2 entities, in source file soc_system/synthesis/submodules/soc_system_mm_interconnect_0_router_005.sv
    Info (12023): Found entity 1: soc_system_mm_interconnect_0_router_005_default_decode File: C:/Users/Usuário/Desktop/Rafael/Uefs/Sistemas Digitais/quartus/Sistemas-Digitais/my_first_hps-fpga_base/soc_system/synthesis/submodules/soc_system_mm_interconnect_0_router_005.sv Line: 45
    Info (12023): Found entity 2: soc_system_mm_interconnect_0_router_005 File: C:/Users/Usuário/Desktop/Rafael/Uefs/Sistemas Digitais/quartus/Sistemas-Digitais/my_first_hps-fpga_base/soc_system/synthesis/submodules/soc_system_mm_interconnect_0_router_005.sv Line: 84
Info (12021): Found 2 design units, including 2 entities, in source file soc_system/synthesis/submodules/soc_system_mm_interconnect_0_router_003.sv
    Info (12023): Found entity 1: soc_system_mm_interconnect_0_router_003_default_decode File: C:/Users/Usuário/Desktop/Rafael/Uefs/Sistemas Digitais/quartus/Sistemas-Digitais/my_first_hps-fpga_base/soc_system/synthesis/submodules/soc_system_mm_interconnect_0_router_003.sv Line: 45
    Info (12023): Found entity 2: soc_system_mm_interconnect_0_router_003 File: C:/Users/Usuário/Desktop/Rafael/Uefs/Sistemas Digitais/quartus/Sistemas-Digitais/my_first_hps-fpga_base/soc_system/synthesis/submodules/soc_system_mm_interconnect_0_router_003.sv Line: 84
Info (12021): Found 2 design units, including 2 entities, in source file soc_system/synthesis/submodules/soc_system_mm_interconnect_0_router_002.sv
    Info (12023): Found entity 1: soc_system_mm_interconnect_0_router_002_default_decode File: C:/Users/Usuário/Desktop/Rafael/Uefs/Sistemas Digitais/quartus/Sistemas-Digitais/my_first_hps-fpga_base/soc_system/synthesis/submodules/soc_system_mm_interconnect_0_router_002.sv Line: 45
    Info (12023): Found entity 2: soc_system_mm_interconnect_0_router_002 File: C:/Users/Usuário/Desktop/Rafael/Uefs/Sistemas Digitais/quartus/Sistemas-Digitais/my_first_hps-fpga_base/soc_system/synthesis/submodules/soc_system_mm_interconnect_0_router_002.sv Line: 84
Info (12021): Found 2 design units, including 2 entities, in source file soc_system/synthesis/submodules/soc_system_mm_interconnect_0_router.sv
    Info (12023): Found entity 1: soc_system_mm_interconnect_0_router_default_decode File: C:/Users/Usuário/Desktop/Rafael/Uefs/Sistemas Digitais/quartus/Sistemas-Digitais/my_first_hps-fpga_base/soc_system/synthesis/submodules/soc_system_mm_interconnect_0_router.sv Line: 45
    Info (12023): Found entity 2: soc_system_mm_interconnect_0_router File: C:/Users/Usuário/Desktop/Rafael/Uefs/Sistemas Digitais/quartus/Sistemas-Digitais/my_first_hps-fpga_base/soc_system/synthesis/submodules/soc_system_mm_interconnect_0_router.sv Line: 84
Info (12021): Found 1 design units, including 1 entities, in source file soc_system/synthesis/submodules/altera_merlin_slave_agent.sv
    Info (12023): Found entity 1: altera_merlin_slave_agent File: C:/Users/Usuário/Desktop/Rafael/Uefs/Sistemas Digitais/quartus/Sistemas-Digitais/my_first_hps-fpga_base/soc_system/synthesis/submodules/altera_merlin_slave_agent.sv Line: 34
Info (12021): Found 1 design units, including 1 entities, in source file soc_system/synthesis/submodules/altera_merlin_axi_master_ni.sv
    Info (12023): Found entity 1: altera_merlin_axi_master_ni File: C:/Users/Usuário/Desktop/Rafael/Uefs/Sistemas Digitais/quartus/Sistemas-Digitais/my_first_hps-fpga_base/soc_system/synthesis/submodules/altera_merlin_axi_master_ni.sv Line: 27
Info (12021): Found 1 design units, including 1 entities, in source file soc_system/synthesis/submodules/altera_merlin_slave_translator.sv
    Info (12023): Found entity 1: altera_merlin_slave_translator File: C:/Users/Usuário/Desktop/Rafael/Uefs/Sistemas Digitais/quartus/Sistemas-Digitais/my_first_hps-fpga_base/soc_system/synthesis/submodules/altera_merlin_slave_translator.sv Line: 35
Info (12021): Found 1 design units, including 1 entities, in source file soc_system/synthesis/submodules/soc_system_sysid_qsys.v
    Info (12023): Found entity 1: soc_system_sysid_qsys File: C:/Users/Usuário/Desktop/Rafael/Uefs/Sistemas Digitais/quartus/Sistemas-Digitais/my_first_hps-fpga_base/soc_system/synthesis/submodules/soc_system_sysid_qsys.v Line: 34
Info (12021): Found 1 design units, including 1 entities, in source file soc_system/synthesis/submodules/soc_system_onchip_memory2_0.v
    Info (12023): Found entity 1: soc_system_onchip_memory2_0 File: C:/Users/Usuário/Desktop/Rafael/Uefs/Sistemas Digitais/quartus/Sistemas-Digitais/my_first_hps-fpga_base/soc_system/synthesis/submodules/soc_system_onchip_memory2_0.v Line: 21
Info (12021): Found 1 design units, including 1 entities, in source file soc_system/synthesis/submodules/altera_avalon_jtag_uart.sv
    Info (12023): Found entity 1: altera_avalon_jtag_uart File: C:/Users/Usuário/Desktop/Rafael/Uefs/Sistemas Digitais/quartus/Sistemas-Digitais/my_first_hps-fpga_base/soc_system/synthesis/submodules/altera_avalon_jtag_uart.sv Line: 22
Info (12021): Found 1 design units, including 1 entities, in source file soc_system/synthesis/submodules/altera_avalon_jtag_uart_log_module.sv
    Info (12023): Found entity 1: altera_avalon_jtag_uart_log_module File: C:/Users/Usuário/Desktop/Rafael/Uefs/Sistemas Digitais/quartus/Sistemas-Digitais/my_first_hps-fpga_base/soc_system/synthesis/submodules/altera_avalon_jtag_uart_log_module.sv Line: 22
Info (12021): Found 1 design units, including 1 entities, in source file soc_system/synthesis/submodules/altera_avalon_jtag_uart_scfifo_r.sv
    Info (12023): Found entity 1: altera_avalon_jtag_uart_scfifo_r File: C:/Users/Usuário/Desktop/Rafael/Uefs/Sistemas Digitais/quartus/Sistemas-Digitais/my_first_hps-fpga_base/soc_system/synthesis/submodules/altera_avalon_jtag_uart_scfifo_r.sv Line: 22
Info (12021): Found 1 design units, including 1 entities, in source file soc_system/synthesis/submodules/altera_avalon_jtag_uart_scfifo_w.sv
    Info (12023): Found entity 1: altera_avalon_jtag_uart_scfifo_w File: C:/Users/Usuário/Desktop/Rafael/Uefs/Sistemas Digitais/quartus/Sistemas-Digitais/my_first_hps-fpga_base/soc_system/synthesis/submodules/altera_avalon_jtag_uart_scfifo_w.sv Line: 22
Info (12021): Found 1 design units, including 1 entities, in source file soc_system/synthesis/submodules/altera_avalon_jtag_uart_sim_scfifo_r.sv
    Info (12023): Found entity 1: altera_avalon_jtag_uart_sim_scfifo_r File: C:/Users/Usuário/Desktop/Rafael/Uefs/Sistemas Digitais/quartus/Sistemas-Digitais/my_first_hps-fpga_base/soc_system/synthesis/submodules/altera_avalon_jtag_uart_sim_scfifo_r.sv Line: 22
Info (12021): Found 1 design units, including 1 entities, in source file soc_system/synthesis/submodules/altera_avalon_jtag_uart_sim_scfifo_w.sv
    Info (12023): Found entity 1: altera_avalon_jtag_uart_sim_scfifo_w File: C:/Users/Usuário/Desktop/Rafael/Uefs/Sistemas Digitais/quartus/Sistemas-Digitais/my_first_hps-fpga_base/soc_system/synthesis/submodules/altera_avalon_jtag_uart_sim_scfifo_w.sv Line: 22
Info (12021): Found 1 design units, including 1 entities, in source file soc_system/synthesis/submodules/intr_capturer.v
    Info (12023): Found entity 1: intr_capturer File: C:/Users/Usuário/Desktop/Rafael/Uefs/Sistemas Digitais/quartus/Sistemas-Digitais/my_first_hps-fpga_base/soc_system/synthesis/submodules/intr_capturer.v Line: 13
Info (12021): Found 1 design units, including 1 entities, in source file soc_system/synthesis/submodules/soc_system_hps_0.v
    Info (12023): Found entity 1: soc_system_hps_0 File: C:/Users/Usuário/Desktop/Rafael/Uefs/Sistemas Digitais/quartus/Sistemas-Digitais/my_first_hps-fpga_base/soc_system/synthesis/submodules/soc_system_hps_0.v Line: 9
Info (12021): Found 1 design units, including 1 entities, in source file soc_system/synthesis/submodules/soc_system_hps_0_hps_io.v
    Info (12023): Found entity 1: soc_system_hps_0_hps_io File: C:/Users/Usuário/Desktop/Rafael/Uefs/Sistemas Digitais/quartus/Sistemas-Digitais/my_first_hps-fpga_base/soc_system/synthesis/submodules/soc_system_hps_0_hps_io.v Line: 9
Info (12021): Found 1 design units, including 1 entities, in source file soc_system/synthesis/submodules/hps_sdram.v
    Info (12023): Found entity 1: hps_sdram File: C:/Users/Usuário/Desktop/Rafael/Uefs/Sistemas Digitais/quartus/Sistemas-Digitais/my_first_hps-fpga_base/soc_system/synthesis/submodules/hps_sdram.v Line: 9
Info (12021): Found 1 design units, including 1 entities, in source file soc_system/synthesis/submodules/altdq_dqs2_acv_connect_to_hard_phy_cyclonev.sv
    Info (12023): Found entity 1: altdq_dqs2_acv_connect_to_hard_phy_cyclonev File: C:/Users/Usuário/Desktop/Rafael/Uefs/Sistemas Digitais/quartus/Sistemas-Digitais/my_first_hps-fpga_base/soc_system/synthesis/submodules/altdq_dqs2_acv_connect_to_hard_phy_cyclonev.sv Line: 19
Info (12021): Found 1 design units, including 1 entities, in source file soc_system/synthesis/submodules/altera_mem_if_hhp_qseq_synth_top.v
    Info (12023): Found entity 1: altera_mem_if_hhp_qseq_synth_top File: C:/Users/Usuário/Desktop/Rafael/Uefs/Sistemas Digitais/quartus/Sistemas-Digitais/my_first_hps-fpga_base/soc_system/synthesis/submodules/altera_mem_if_hhp_qseq_synth_top.v Line: 15
Info (12021): Found 1 design units, including 1 entities, in source file soc_system/synthesis/submodules/hps_sdram_p0.sv
    Info (12023): Found entity 1: hps_sdram_p0 File: C:/Users/Usuário/Desktop/Rafael/Uefs/Sistemas Digitais/quartus/Sistemas-Digitais/my_first_hps-fpga_base/soc_system/synthesis/submodules/hps_sdram_p0.sv Line: 18
Info (12021): Found 1 design units, including 1 entities, in source file soc_system/synthesis/submodules/hps_sdram_p0_acv_hard_addr_cmd_pads.v
    Info (12023): Found entity 1: hps_sdram_p0_acv_hard_addr_cmd_pads File: C:/Users/Usuário/Desktop/Rafael/Uefs/Sistemas Digitais/quartus/Sistemas-Digitais/my_first_hps-fpga_base/soc_system/synthesis/submodules/hps_sdram_p0_acv_hard_addr_cmd_pads.v Line: 17
Info (12021): Found 1 design units, including 1 entities, in source file soc_system/synthesis/submodules/hps_sdram_p0_acv_hard_io_pads.v
    Info (12023): Found entity 1: hps_sdram_p0_acv_hard_io_pads File: C:/Users/Usuário/Desktop/Rafael/Uefs/Sistemas Digitais/quartus/Sistemas-Digitais/my_first_hps-fpga_base/soc_system/synthesis/submodules/hps_sdram_p0_acv_hard_io_pads.v Line: 17
Info (12021): Found 1 design units, including 1 entities, in source file soc_system/synthesis/submodules/hps_sdram_p0_acv_hard_memphy.v
    Info (12023): Found entity 1: hps_sdram_p0_acv_hard_memphy File: C:/Users/Usuário/Desktop/Rafael/Uefs/Sistemas Digitais/quartus/Sistemas-Digitais/my_first_hps-fpga_base/soc_system/synthesis/submodules/hps_sdram_p0_acv_hard_memphy.v Line: 21
Info (12021): Found 1 design units, including 1 entities, in source file soc_system/synthesis/submodules/hps_sdram_p0_acv_ldc.v
    Info (12023): Found entity 1: hps_sdram_p0_acv_ldc File: C:/Users/Usuário/Desktop/Rafael/Uefs/Sistemas Digitais/quartus/Sistemas-Digitais/my_first_hps-fpga_base/soc_system/synthesis/submodules/hps_sdram_p0_acv_ldc.v Line: 17
Info (12021): Found 1 design units, including 1 entities, in source file soc_system/synthesis/submodules/hps_sdram_p0_altdqdqs.v
    Info (12023): Found entity 1: hps_sdram_p0_altdqdqs File: C:/Users/Usuário/Desktop/Rafael/Uefs/Sistemas Digitais/quartus/Sistemas-Digitais/my_first_hps-fpga_base/soc_system/synthesis/submodules/hps_sdram_p0_altdqdqs.v Line: 17
Info (12021): Found 1 design units, including 1 entities, in source file soc_system/synthesis/submodules/hps_sdram_p0_clock_pair_generator.v
    Info (12023): Found entity 1: hps_sdram_p0_clock_pair_generator File: C:/Users/Usuário/Desktop/Rafael/Uefs/Sistemas Digitais/quartus/Sistemas-Digitais/my_first_hps-fpga_base/soc_system/synthesis/submodules/hps_sdram_p0_clock_pair_generator.v Line: 29
Info (12021): Found 1 design units, including 1 entities, in source file soc_system/synthesis/submodules/hps_sdram_p0_generic_ddio.v
    Info (12023): Found entity 1: hps_sdram_p0_generic_ddio File: C:/Users/Usuário/Desktop/Rafael/Uefs/Sistemas Digitais/quartus/Sistemas-Digitais/my_first_hps-fpga_base/soc_system/synthesis/submodules/hps_sdram_p0_generic_ddio.v Line: 17
Info (12021): Found 1 design units, including 1 entities, in source file soc_system/synthesis/submodules/hps_sdram_p0_iss_probe.v
    Info (12023): Found entity 1: hps_sdram_p0_iss_probe File: C:/Users/Usuário/Desktop/Rafael/Uefs/Sistemas Digitais/quartus/Sistemas-Digitais/my_first_hps-fpga_base/soc_system/synthesis/submodules/hps_sdram_p0_iss_probe.v Line: 17
Info (12021): Found 1 design units, including 1 entities, in source file soc_system/synthesis/submodules/hps_sdram_p0_phy_csr.sv
    Info (12023): Found entity 1: hps_sdram_p0_phy_csr File: C:/Users/Usuário/Desktop/Rafael/Uefs/Sistemas Digitais/quartus/Sistemas-Digitais/my_first_hps-fpga_base/soc_system/synthesis/submodules/hps_sdram_p0_phy_csr.sv Line: 31
Info (12021): Found 1 design units, including 1 entities, in source file soc_system/synthesis/submodules/hps_sdram_p0_reset.v
    Info (12023): Found entity 1: hps_sdram_p0_reset File: C:/Users/Usuário/Desktop/Rafael/Uefs/Sistemas Digitais/quartus/Sistemas-Digitais/my_first_hps-fpga_base/soc_system/synthesis/submodules/hps_sdram_p0_reset.v Line: 18
Info (12021): Found 1 design units, including 1 entities, in source file soc_system/synthesis/submodules/hps_sdram_p0_reset_sync.v
    Info (12023): Found entity 1: hps_sdram_p0_reset_sync File: C:/Users/Usuário/Desktop/Rafael/Uefs/Sistemas Digitais/quartus/Sistemas-Digitais/my_first_hps-fpga_base/soc_system/synthesis/submodules/hps_sdram_p0_reset_sync.v Line: 17
Info (12021): Found 1 design units, including 1 entities, in source file soc_system/synthesis/submodules/hps_sdram_pll.sv
    Info (12023): Found entity 1: hps_sdram_pll File: C:/Users/Usuário/Desktop/Rafael/Uefs/Sistemas Digitais/quartus/Sistemas-Digitais/my_first_hps-fpga_base/soc_system/synthesis/submodules/hps_sdram_pll.sv Line: 25
Info (12021): Found 1 design units, including 1 entities, in source file soc_system/synthesis/submodules/soc_system_hps_0_hps_io_border.sv
    Info (12023): Found entity 1: soc_system_hps_0_hps_io_border File: C:/Users/Usuário/Desktop/Rafael/Uefs/Sistemas Digitais/quartus/Sistemas-Digitais/my_first_hps-fpga_base/soc_system/synthesis/submodules/soc_system_hps_0_hps_io_border.sv Line: 14
Info (12021): Found 1 design units, including 1 entities, in source file soc_system/synthesis/submodules/soc_system_hps_0_fpga_interfaces.sv
    Info (12023): Found entity 1: soc_system_hps_0_fpga_interfaces File: C:/Users/Usuário/Desktop/Rafael/Uefs/Sistemas Digitais/quartus/Sistemas-Digitais/my_first_hps-fpga_base/soc_system/synthesis/submodules/soc_system_hps_0_fpga_interfaces.sv Line: 14
Info (12021): Found 1 design units, including 1 entities, in source file soc_system/synthesis/submodules/soc_system_fpga_only_master.v
    Info (12023): Found entity 1: soc_system_fpga_only_master File: C:/Users/Usuário/Desktop/Rafael/Uefs/Sistemas Digitais/quartus/Sistemas-Digitais/my_first_hps-fpga_base/soc_system/synthesis/submodules/soc_system_fpga_only_master.v Line: 9
Info (12021): Found 1 design units, including 1 entities, in source file soc_system/synthesis/submodules/soc_system_fpga_only_master_p2b_adapter.sv
    Info (12023): Found entity 1: soc_system_fpga_only_master_p2b_adapter File: C:/Users/Usuário/Desktop/Rafael/Uefs/Sistemas Digitais/quartus/Sistemas-Digitais/my_first_hps-fpga_base/soc_system/synthesis/submodules/soc_system_fpga_only_master_p2b_adapter.sv Line: 55
Info (12021): Found 1 design units, including 1 entities, in source file soc_system/synthesis/submodules/soc_system_fpga_only_master_b2p_adapter.sv
    Info (12023): Found entity 1: soc_system_fpga_only_master_b2p_adapter File: C:/Users/Usuário/Desktop/Rafael/Uefs/Sistemas Digitais/quartus/Sistemas-Digitais/my_first_hps-fpga_base/soc_system/synthesis/submodules/soc_system_fpga_only_master_b2p_adapter.sv Line: 55
Info (12021): Found 7 design units, including 7 entities, in source file soc_system/synthesis/submodules/altera_avalon_packets_to_master.v
    Info (12023): Found entity 1: altera_avalon_packets_to_master File: C:/Users/Usuário/Desktop/Rafael/Uefs/Sistemas Digitais/quartus/Sistemas-Digitais/my_first_hps-fpga_base/soc_system/synthesis/submodules/altera_avalon_packets_to_master.v Line: 22
    Info (12023): Found entity 2: packets_to_fifo File: C:/Users/Usuário/Desktop/Rafael/Uefs/Sistemas Digitais/quartus/Sistemas-Digitais/my_first_hps-fpga_base/soc_system/synthesis/submodules/altera_avalon_packets_to_master.v Line: 142
    Info (12023): Found entity 3: fifo_buffer_single_clock_fifo File: C:/Users/Usuário/Desktop/Rafael/Uefs/Sistemas Digitais/quartus/Sistemas-Digitais/my_first_hps-fpga_base/soc_system/synthesis/submodules/altera_avalon_packets_to_master.v Line: 512
    Info (12023): Found entity 4: fifo_buffer_scfifo_with_controls File: C:/Users/Usuário/Desktop/Rafael/Uefs/Sistemas Digitais/quartus/Sistemas-Digitais/my_first_hps-fpga_base/soc_system/synthesis/submodules/altera_avalon_packets_to_master.v Line: 573
    Info (12023): Found entity 5: fifo_buffer File: C:/Users/Usuário/Desktop/Rafael/Uefs/Sistemas Digitais/quartus/Sistemas-Digitais/my_first_hps-fpga_base/soc_system/synthesis/submodules/altera_avalon_packets_to_master.v Line: 627
    Info (12023): Found entity 6: fifo_to_packet File: C:/Users/Usuário/Desktop/Rafael/Uefs/Sistemas Digitais/quartus/Sistemas-Digitais/my_first_hps-fpga_base/soc_system/synthesis/submodules/altera_avalon_packets_to_master.v Line: 697
    Info (12023): Found entity 7: packets_to_master File: C:/Users/Usuário/Desktop/Rafael/Uefs/Sistemas Digitais/quartus/Sistemas-Digitais/my_first_hps-fpga_base/soc_system/synthesis/submodules/altera_avalon_packets_to_master.v Line: 851
Info (12021): Found 1 design units, including 1 entities, in source file soc_system/synthesis/submodules/altera_avalon_st_packets_to_bytes.v
    Info (12023): Found entity 1: altera_avalon_st_packets_to_bytes File: C:/Users/Usuário/Desktop/Rafael/Uefs/Sistemas Digitais/quartus/Sistemas-Digitais/my_first_hps-fpga_base/soc_system/synthesis/submodules/altera_avalon_st_packets_to_bytes.v Line: 19
Info (12021): Found 1 design units, including 1 entities, in source file soc_system/synthesis/submodules/altera_avalon_st_bytes_to_packets.v
    Info (12023): Found entity 1: altera_avalon_st_bytes_to_packets File: C:/Users/Usuário/Desktop/Rafael/Uefs/Sistemas Digitais/quartus/Sistemas-Digitais/my_first_hps-fpga_base/soc_system/synthesis/submodules/altera_avalon_st_bytes_to_packets.v Line: 19
Info (12021): Found 1 design units, including 1 entities, in source file soc_system/synthesis/submodules/soc_system_fpga_only_master_timing_adt.sv
    Info (12023): Found entity 1: soc_system_fpga_only_master_timing_adt File: C:/Users/Usuário/Desktop/Rafael/Uefs/Sistemas Digitais/quartus/Sistemas-Digitais/my_first_hps-fpga_base/soc_system/synthesis/submodules/soc_system_fpga_only_master_timing_adt.sv Line: 60
Info (12021): Found 1 design units, including 1 entities, in source file soc_system/synthesis/submodules/altera_avalon_st_jtag_interface.v
    Info (12023): Found entity 1: altera_avalon_st_jtag_interface File: C:/Users/Usuário/Desktop/Rafael/Uefs/Sistemas Digitais/quartus/Sistemas-Digitais/my_first_hps-fpga_base/soc_system/synthesis/submodules/altera_avalon_st_jtag_interface.v Line: 20
Info (12021): Found 3 design units, including 3 entities, in source file soc_system/synthesis/submodules/altera_jtag_dc_streaming.v
    Info (12023): Found entity 1: altera_jtag_control_signal_crosser File: C:/Users/Usuário/Desktop/Rafael/Uefs/Sistemas Digitais/quartus/Sistemas-Digitais/my_first_hps-fpga_base/soc_system/synthesis/submodules/altera_jtag_dc_streaming.v Line: 30
    Info (12023): Found entity 2: altera_jtag_src_crosser File: C:/Users/Usuário/Desktop/Rafael/Uefs/Sistemas Digitais/quartus/Sistemas-Digitais/my_first_hps-fpga_base/soc_system/synthesis/submodules/altera_jtag_dc_streaming.v Line: 72
    Info (12023): Found entity 3: altera_jtag_dc_streaming File: C:/Users/Usuário/Desktop/Rafael/Uefs/Sistemas Digitais/quartus/Sistemas-Digitais/my_first_hps-fpga_base/soc_system/synthesis/submodules/altera_jtag_dc_streaming.v Line: 135
Info (12021): Found 1 design units, including 1 entities, in source file soc_system/synthesis/submodules/altera_jtag_sld_node.v
    Info (12023): Found entity 1: altera_jtag_sld_node File: C:/Users/Usuário/Desktop/Rafael/Uefs/Sistemas Digitais/quartus/Sistemas-Digitais/my_first_hps-fpga_base/soc_system/synthesis/submodules/altera_jtag_sld_node.v Line: 17
Info (12021): Found 1 design units, including 1 entities, in source file soc_system/synthesis/submodules/altera_jtag_streaming.v
    Info (12023): Found entity 1: altera_jtag_streaming File: C:/Users/Usuário/Desktop/Rafael/Uefs/Sistemas Digitais/quartus/Sistemas-Digitais/my_first_hps-fpga_base/soc_system/synthesis/submodules/altera_jtag_streaming.v Line: 18
Info (12021): Found 1 design units, including 1 entities, in source file soc_system/synthesis/submodules/altera_avalon_st_clock_crosser.v
    Info (12023): Found entity 1: altera_avalon_st_clock_crosser File: C:/Users/Usuário/Desktop/Rafael/Uefs/Sistemas Digitais/quartus/Sistemas-Digitais/my_first_hps-fpga_base/soc_system/synthesis/submodules/altera_avalon_st_clock_crosser.v Line: 22
Info (12021): Found 1 design units, including 1 entities, in source file soc_system/synthesis/submodules/altera_std_synchronizer_nocut.v
    Info (12023): Found entity 1: altera_std_synchronizer_nocut File: C:/Users/Usuário/Desktop/Rafael/Uefs/Sistemas Digitais/quartus/Sistemas-Digitais/my_first_hps-fpga_base/soc_system/synthesis/submodules/altera_std_synchronizer_nocut.v Line: 44
Info (12021): Found 1 design units, including 1 entities, in source file soc_system/synthesis/submodules/altera_avalon_st_idle_remover.v
    Info (12023): Found entity 1: altera_avalon_st_idle_remover File: C:/Users/Usuário/Desktop/Rafael/Uefs/Sistemas Digitais/quartus/Sistemas-Digitais/my_first_hps-fpga_base/soc_system/synthesis/submodules/altera_avalon_st_idle_remover.v Line: 19
Info (12021): Found 1 design units, including 1 entities, in source file soc_system/synthesis/submodules/altera_avalon_st_idle_inserter.v
    Info (12023): Found entity 1: altera_avalon_st_idle_inserter File: C:/Users/Usuário/Desktop/Rafael/Uefs/Sistemas Digitais/quartus/Sistemas-Digitais/my_first_hps-fpga_base/soc_system/synthesis/submodules/altera_avalon_st_idle_inserter.v Line: 19
Info (12021): Found 1 design units, including 1 entities, in source file ghrd_top.v
    Info (12023): Found entity 1: ghrd_top File: C:/Users/Usuário/Desktop/Rafael/Uefs/Sistemas Digitais/quartus/Sistemas-Digitais/my_first_hps-fpga_base/ghrd_top.v Line: 36
Warning (10236): Verilog HDL Implicit Net warning at altera_edge_detector.v(21): created implicit net for "reset_qual_n" File: C:/Users/Usuário/Desktop/Rafael/Uefs/Sistemas Digitais/quartus/Sistemas-Digitais/my_first_hps-fpga_base/ip/edge_detect/altera_edge_detector.v Line: 21
Warning (10236): Verilog HDL Implicit Net warning at hps_sdram_pll.sv(168): created implicit net for "pll_dr_clk" File: C:/Users/Usuário/Desktop/Rafael/Uefs/Sistemas Digitais/quartus/Sistemas-Digitais/my_first_hps-fpga_base/soc_system/synthesis/submodules/hps_sdram_pll.sv Line: 168
Info (12127): Elaborating entity "main" for the top level hierarchy
Info (12128): Elaborating entity "clock_divider" for hierarchy "clock_divider:clock_divider_inst" File: C:/Users/Usuário/Desktop/Rafael/Uefs/Sistemas Digitais/quartus/Sistemas-Digitais/my_first_hps-fpga_base/project_files/main.v Line: 62
Info (12128): Elaborating entity "sync_reset_button" for hierarchy "sync_reset_button:sync_reset_button_inst" File: C:/Users/Usuário/Desktop/Rafael/Uefs/Sistemas Digitais/quartus/Sistemas-Digitais/my_first_hps-fpga_base/project_files/main.v Line: 69
Info (12128): Elaborating entity "control_unit" for hierarchy "control_unit:control_unit_inst" File: C:/Users/Usuário/Desktop/Rafael/Uefs/Sistemas Digitais/quartus/Sistemas-Digitais/my_first_hps-fpga_base/project_files/main.v Line: 86
Info (10264): Verilog HDL Case Statement information at control_unit.v(80): all case item expressions in this case statement are onehot File: C:/Users/Usuário/Desktop/Rafael/Uefs/Sistemas Digitais/quartus/Sistemas-Digitais/my_first_hps-fpga_base/project_files/control_unit.v Line: 80
Info (12128): Elaborating entity "processing_unit" for hierarchy "processing_unit:processing_unit_inst" File: C:/Users/Usuário/Desktop/Rafael/Uefs/Sistemas Digitais/quartus/Sistemas-Digitais/my_first_hps-fpga_base/project_files/main.v Line: 104
Info (12128): Elaborating entity "original" for hierarchy "processing_unit:processing_unit_inst|original:original_inst" File: C:/Users/Usuário/Desktop/Rafael/Uefs/Sistemas Digitais/quartus/Sistemas-Digitais/my_first_hps-fpga_base/project_files/processing_unit.v Line: 67
Warning (10230): Verilog HDL assignment warning at original.v(48): truncated value with size 32 to match size of target (19) File: C:/Users/Usuário/Desktop/Rafael/Uefs/Sistemas Digitais/quartus/Sistemas-Digitais/my_first_hps-fpga_base/project_files/original.v Line: 48
Info (12128): Elaborating entity "zoom_in_replication" for hierarchy "processing_unit:processing_unit_inst|zoom_in_replication:zi_rep_inst" File: C:/Users/Usuário/Desktop/Rafael/Uefs/Sistemas Digitais/quartus/Sistemas-Digitais/my_first_hps-fpga_base/project_files/processing_unit.v Line: 75
Warning (10230): Verilog HDL assignment warning at zoom_in_replication.v(113): truncated value with size 32 to match size of target (17) File: C:/Users/Usuário/Desktop/Rafael/Uefs/Sistemas Digitais/quartus/Sistemas-Digitais/my_first_hps-fpga_base/project_files/zoom_in_replication.v Line: 113
Warning (10230): Verilog HDL assignment warning at zoom_in_replication.v(117): truncated value with size 32 to match size of target (19) File: C:/Users/Usuário/Desktop/Rafael/Uefs/Sistemas Digitais/quartus/Sistemas-Digitais/my_first_hps-fpga_base/project_files/zoom_in_replication.v Line: 117
Warning (10230): Verilog HDL assignment warning at zoom_in_replication.v(118): truncated value with size 32 to match size of target (19) File: C:/Users/Usuário/Desktop/Rafael/Uefs/Sistemas Digitais/quartus/Sistemas-Digitais/my_first_hps-fpga_base/project_files/zoom_in_replication.v Line: 118
Warning (10230): Verilog HDL assignment warning at zoom_in_replication.v(119): truncated value with size 32 to match size of target (19) File: C:/Users/Usuário/Desktop/Rafael/Uefs/Sistemas Digitais/quartus/Sistemas-Digitais/my_first_hps-fpga_base/project_files/zoom_in_replication.v Line: 119
Warning (10230): Verilog HDL assignment warning at zoom_in_replication.v(120): truncated value with size 32 to match size of target (19) File: C:/Users/Usuário/Desktop/Rafael/Uefs/Sistemas Digitais/quartus/Sistemas-Digitais/my_first_hps-fpga_base/project_files/zoom_in_replication.v Line: 120
Info (12128): Elaborating entity "zoom_out_decimation" for hierarchy "processing_unit:processing_unit_inst|zoom_out_decimation:zo_dec_inst" File: C:/Users/Usuário/Desktop/Rafael/Uefs/Sistemas Digitais/quartus/Sistemas-Digitais/my_first_hps-fpga_base/project_files/processing_unit.v Line: 82
Warning (10230): Verilog HDL assignment warning at zoom_out_decimation.v(91): truncated value with size 32 to match size of target (8) File: C:/Users/Usuário/Desktop/Rafael/Uefs/Sistemas Digitais/quartus/Sistemas-Digitais/my_first_hps-fpga_base/project_files/zoom_out_decimation.v Line: 91
Warning (10230): Verilog HDL assignment warning at zoom_out_decimation.v(92): truncated value with size 32 to match size of target (7) File: C:/Users/Usuário/Desktop/Rafael/Uefs/Sistemas Digitais/quartus/Sistemas-Digitais/my_first_hps-fpga_base/project_files/zoom_out_decimation.v Line: 92
Warning (10230): Verilog HDL assignment warning at zoom_out_decimation.v(95): truncated value with size 32 to match size of target (9) File: C:/Users/Usuário/Desktop/Rafael/Uefs/Sistemas Digitais/quartus/Sistemas-Digitais/my_first_hps-fpga_base/project_files/zoom_out_decimation.v Line: 95
Warning (10230): Verilog HDL assignment warning at zoom_out_decimation.v(96): truncated value with size 32 to match size of target (8) File: C:/Users/Usuário/Desktop/Rafael/Uefs/Sistemas Digitais/quartus/Sistemas-Digitais/my_first_hps-fpga_base/project_files/zoom_out_decimation.v Line: 96
Warning (10230): Verilog HDL assignment warning at zoom_out_decimation.v(117): truncated value with size 32 to match size of target (17) File: C:/Users/Usuário/Desktop/Rafael/Uefs/Sistemas Digitais/quartus/Sistemas-Digitais/my_first_hps-fpga_base/project_files/zoom_out_decimation.v Line: 117
Warning (10230): Verilog HDL assignment warning at zoom_out_decimation.v(118): truncated value with size 32 to match size of target (19) File: C:/Users/Usuário/Desktop/Rafael/Uefs/Sistemas Digitais/quartus/Sistemas-Digitais/my_first_hps-fpga_base/project_files/zoom_out_decimation.v Line: 118
Info (12128): Elaborating entity "zoom_in_nearest_neighbor" for hierarchy "processing_unit:processing_unit_inst|zoom_in_nearest_neighbor:zi_nn_inst" File: C:/Users/Usuário/Desktop/Rafael/Uefs/Sistemas Digitais/quartus/Sistemas-Digitais/my_first_hps-fpga_base/project_files/processing_unit.v Line: 90
Warning (10230): Verilog HDL assignment warning at zoom_in_nearest_neighbor.v(81): truncated value with size 32 to match size of target (9) File: C:/Users/Usuário/Desktop/Rafael/Uefs/Sistemas Digitais/quartus/Sistemas-Digitais/my_first_hps-fpga_base/project_files/zoom_in_nearest_neighbor.v Line: 81
Warning (10230): Verilog HDL assignment warning at zoom_in_nearest_neighbor.v(84): truncated value with size 32 to match size of target (10) File: C:/Users/Usuário/Desktop/Rafael/Uefs/Sistemas Digitais/quartus/Sistemas-Digitais/my_first_hps-fpga_base/project_files/zoom_in_nearest_neighbor.v Line: 84
Warning (10230): Verilog HDL assignment warning at zoom_in_nearest_neighbor.v(102): truncated value with size 32 to match size of target (17) File: C:/Users/Usuário/Desktop/Rafael/Uefs/Sistemas Digitais/quartus/Sistemas-Digitais/my_first_hps-fpga_base/project_files/zoom_in_nearest_neighbor.v Line: 102
Warning (10230): Verilog HDL assignment warning at zoom_in_nearest_neighbor.v(105): truncated value with size 32 to match size of target (19) File: C:/Users/Usuário/Desktop/Rafael/Uefs/Sistemas Digitais/quartus/Sistemas-Digitais/my_first_hps-fpga_base/project_files/zoom_in_nearest_neighbor.v Line: 105
Info (12128): Elaborating entity "zoom_out_block_average" for hierarchy "processing_unit:processing_unit_inst|zoom_out_block_average:zo_ba_inst" File: C:/Users/Usuário/Desktop/Rafael/Uefs/Sistemas Digitais/quartus/Sistemas-Digitais/my_first_hps-fpga_base/project_files/processing_unit.v Line: 97
Warning (10230): Verilog HDL assignment warning at zoom_out_block_average.v(73): truncated value with size 10 to match size of target (8) File: C:/Users/Usuário/Desktop/Rafael/Uefs/Sistemas Digitais/quartus/Sistemas-Digitais/my_first_hps-fpga_base/project_files/zoom_out_block_average.v Line: 73
Warning (10230): Verilog HDL assignment warning at zoom_out_block_average.v(81): truncated value with size 32 to match size of target (7) File: C:/Users/Usuário/Desktop/Rafael/Uefs/Sistemas Digitais/quartus/Sistemas-Digitais/my_first_hps-fpga_base/project_files/zoom_out_block_average.v Line: 81
Warning (10230): Verilog HDL assignment warning at zoom_out_block_average.v(84): truncated value with size 32 to match size of target (8) File: C:/Users/Usuário/Desktop/Rafael/Uefs/Sistemas Digitais/quartus/Sistemas-Digitais/my_first_hps-fpga_base/project_files/zoom_out_block_average.v Line: 84
Warning (10230): Verilog HDL assignment warning at zoom_out_block_average.v(100): truncated value with size 32 to match size of target (19) File: C:/Users/Usuário/Desktop/Rafael/Uefs/Sistemas Digitais/quartus/Sistemas-Digitais/my_first_hps-fpga_base/project_files/zoom_out_block_average.v Line: 100
Warning (10230): Verilog HDL assignment warning at zoom_out_block_average.v(104): truncated value with size 32 to match size of target (17) File: C:/Users/Usuário/Desktop/Rafael/Uefs/Sistemas Digitais/quartus/Sistemas-Digitais/my_first_hps-fpga_base/project_files/zoom_out_block_average.v Line: 104
Warning (10230): Verilog HDL assignment warning at zoom_out_block_average.v(105): truncated value with size 32 to match size of target (17) File: C:/Users/Usuário/Desktop/Rafael/Uefs/Sistemas Digitais/quartus/Sistemas-Digitais/my_first_hps-fpga_base/project_files/zoom_out_block_average.v Line: 105
Warning (10230): Verilog HDL assignment warning at zoom_out_block_average.v(106): truncated value with size 32 to match size of target (17) File: C:/Users/Usuário/Desktop/Rafael/Uefs/Sistemas Digitais/quartus/Sistemas-Digitais/my_first_hps-fpga_base/project_files/zoom_out_block_average.v Line: 106
Warning (10230): Verilog HDL assignment warning at zoom_out_block_average.v(107): truncated value with size 32 to match size of target (17) File: C:/Users/Usuário/Desktop/Rafael/Uefs/Sistemas Digitais/quartus/Sistemas-Digitais/my_first_hps-fpga_base/project_files/zoom_out_block_average.v Line: 107
Info (10264): Verilog HDL Case Statement information at zoom_out_block_average.v(103): all case item expressions in this case statement are onehot File: C:/Users/Usuário/Desktop/Rafael/Uefs/Sistemas Digitais/quartus/Sistemas-Digitais/my_first_hps-fpga_base/project_files/zoom_out_block_average.v Line: 103
Info (12128): Elaborating entity "memory_module" for hierarchy "memory_module:mem_inst" File: C:/Users/Usuário/Desktop/Rafael/Uefs/Sistemas Digitais/quartus/Sistemas-Digitais/my_first_hps-fpga_base/project_files/main.v Line: 125
Info (12128): Elaborating entity "video_controller" for hierarchy "video_controller:video_inst" File: C:/Users/Usuário/Desktop/Rafael/Uefs/Sistemas Digitais/quartus/Sistemas-Digitais/my_first_hps-fpga_base/project_files/main.v Line: 139
Info (10264): Verilog HDL Case Statement information at video_controller.v(37): all case item expressions in this case statement are onehot File: C:/Users/Usuário/Desktop/Rafael/Uefs/Sistemas Digitais/quartus/Sistemas-Digitais/my_first_hps-fpga_base/project_files/video_controller.v Line: 37
Warning (10230): Verilog HDL assignment warning at video_controller.v(45): truncated value with size 32 to match size of target (10) File: C:/Users/Usuário/Desktop/Rafael/Uefs/Sistemas Digitais/quartus/Sistemas-Digitais/my_first_hps-fpga_base/project_files/video_controller.v Line: 45
Warning (10230): Verilog HDL assignment warning at video_controller.v(46): truncated value with size 32 to match size of target (10) File: C:/Users/Usuário/Desktop/Rafael/Uefs/Sistemas Digitais/quartus/Sistemas-Digitais/my_first_hps-fpga_base/project_files/video_controller.v Line: 46
Info (12128): Elaborating entity "vga_module" for hierarchy "video_controller:video_inst|vga_module:vga_inst" File: C:/Users/Usuário/Desktop/Rafael/Uefs/Sistemas Digitais/quartus/Sistemas-Digitais/my_first_hps-fpga_base/project_files/video_controller.v Line: 84
Error (12006): Node instance "inst_rom" instantiates undefined entity "rom". Ensure that required library paths are specified correctly, define the specified entity, or change the instantiation. If this entity represents Intel FPGA or third-party IP, generate the synthesis files for the IP. File: C:/Users/Usuário/Desktop/Rafael/Uefs/Sistemas Digitais/quartus/Sistemas-Digitais/my_first_hps-fpga_base/project_files/memory_module.v Line: 33
Error (12006): Node instance "inst_ram" instantiates undefined entity "ram". Ensure that required library paths are specified correctly, define the specified entity, or change the instantiation. If this entity represents Intel FPGA or third-party IP, generate the synthesis files for the IP. File: C:/Users/Usuário/Desktop/Rafael/Uefs/Sistemas Digitais/quartus/Sistemas-Digitais/my_first_hps-fpga_base/project_files/memory_module.v Line: 43
Info (144001): Generated suppressed messages file C:/Users/Usuário/Desktop/Rafael/Uefs/Sistemas Digitais/quartus/Sistemas-Digitais/my_first_hps-fpga_base/output_files/soc_system.map.smsg
Error: Quartus Prime Analysis & Synthesis was unsuccessful. 2 errors, 29 warnings
    Error: Peak virtual memory: 4826 megabytes
    Error: Processing ended: Tue Oct 28 23:34:42 2025
    Error: Elapsed time: 00:03:23
    Error: Total CPU time (on all processors): 00:03:35


+------------------------------------------+
; Analysis & Synthesis Suppressed Messages ;
+------------------------------------------+
The suppressed messages can be found in C:/Users/Usuário/Desktop/Rafael/Uefs/Sistemas Digitais/quartus/Sistemas-Digitais/my_first_hps-fpga_base/output_files/soc_system.map.smsg.


